../Core/Src/stm32f4xx_it.c:81:6:NMI_Handler	4	static
../Core/Src/stm32f4xx_it.c:96:6:HardFault_Handler	8	static
../Core/Src/stm32f4xx_it.c:111:6:MemManage_Handler	4	static
../Core/Src/stm32f4xx_it.c:126:6:BusFault_Handler	4	static
../Core/Src/stm32f4xx_it.c:141:6:UsageFault_Handler	4	static
../Core/Src/stm32f4xx_it.c:156:6:SVC_Handler	4	static
../Core/Src/stm32f4xx_it.c:169:6:DebugMon_Handler	4	static
../Core/Src/stm32f4xx_it.c:182:6:PendSV_Handler	4	static
../Core/Src/stm32f4xx_it.c:195:6:SysTick_Handler	8	static
../Core/Src/stm32f4xx_it.c:216:6:EXTI4_IRQHandler	8	static
../Core/Src/stm32f4xx_it.c:240:6:EXTI9_5_IRQHandler	8	static
../Core/Src/stm32f4xx_it.c:273:6:TIM1_TRG_COM_TIM11_IRQHandler	8	static
../Core/Src/stm32f4xx_it.c:288:6:EXTI15_10_IRQHandler	8	static
../Core/Src/stm32f4xx_it.c:306:6:TIM7_IRQHandler	8	static
../Core/Src/stm32f4xx_it.c:320:6:DMA2_Stream0_IRQHandler	8	static
../Core/Src/stm32f4xx_it.c:334:6:DMA2_Stream1_IRQHandler	8	static
../Core/Src/stm32f4xx_it.c:348:6:DMA2_Stream2_IRQHandler	8	static
../Core/Src/stm32f4xx_it.c:362:6:OTG_FS_IRQHandler	8	static
../Core/Src/stm32f4xx_it.c:376:6:DMA2_Stream7_IRQHandler	8	static
../Core/Src/stm32f4xx_it.c:390:6:DCMI_IRQHandler	8	static
