Archive member included to satisfy reference by file (symbol)

/home/wissam/STM32CubeIDE/workspace_1.10.1/RoDog/libs/libarm_cortexM4lf_math.a(arm_pid_init_f32.o)
                              ./Core/Src/main.o (arm_pid_init_f32)
/home/wissam/STM32CubeIDE/workspace_1.10.1/RoDog/libs/libarm_cortexM4lf_math.a(arm_mat_sub_f32.o)
                              ./Core/Src/kinematics.o (arm_mat_sub_f32)
/home/wissam/STM32CubeIDE/workspace_1.10.1/RoDog/libs/libarm_cortexM4lf_math.a(arm_mat_mult_f32.o)
                              ./Core/Src/CurveGen.o (arm_mat_mult_f32)
/home/wissam/STM32CubeIDE/workspace_1.10.1/RoDog/libs/libarm_cortexM4lf_math.a(arm_mat_inverse_f32.o)
                              ./Core/Src/kinematics.o (arm_mat_inverse_f32)
/home/wissam/STM32CubeIDE/workspace_1.10.1/RoDog/libs/libarm_cortexM4lf_math.a(arm_mat_init_f32.o)
                              ./Core/Src/CurveGen.o (arm_mat_init_f32)
/home/wissam/STM32CubeIDE/workspace_1.10.1/RoDog/libs/libarm_cortexM4lf_math.a(arm_mat_add_f32.o)
                              ./Core/Src/kinematics.o (arm_mat_add_f32)
/home/wissam/st/stm32cubeide_1.10.1/plugins/com.st.stm32cube.ide.mcu.externaltools.gnu-tools-for-stm32.10.3-2021.10.linux64_1.0.0.202111181127/tools/bin/../lib/gcc/arm-none-eabi/10.3.1/../../../../arm-none-eabi/lib/thumb/v7e-m+fp/hard/libc_nano.a(lib_a-errno.o)
                              ./Core/Src/syscalls.o (__errno)
/home/wissam/st/stm32cubeide_1.10.1/plugins/com.st.stm32cube.ide.mcu.externaltools.gnu-tools-for-stm32.10.3-2021.10.linux64_1.0.0.202111181127/tools/bin/../lib/gcc/arm-none-eabi/10.3.1/../../../../arm-none-eabi/lib/thumb/v7e-m+fp/hard/libc_nano.a(lib_a-exit.o)
                              /home/wissam/st/stm32cubeide_1.10.1/plugins/com.st.stm32cube.ide.mcu.externaltools.gnu-tools-for-stm32.10.3-2021.10.linux64_1.0.0.202111181127/tools/bin/../lib/gcc/arm-none-eabi/10.3.1/../../../../arm-none-eabi/lib/thumb/v7e-m+fp/hard/crt0.o (exit)
/home/wissam/st/stm32cubeide_1.10.1/plugins/com.st.stm32cube.ide.mcu.externaltools.gnu-tools-for-stm32.10.3-2021.10.linux64_1.0.0.202111181127/tools/bin/../lib/gcc/arm-none-eabi/10.3.1/../../../../arm-none-eabi/lib/thumb/v7e-m+fp/hard/libc_nano.a(lib_a-fread.o)
                              ./Middlewares/Third_Party/LibJPEG/source/jdatasrc.o (fread)
/home/wissam/st/stm32cubeide_1.10.1/plugins/com.st.stm32cube.ide.mcu.externaltools.gnu-tools-for-stm32.10.3-2021.10.linux64_1.0.0.202111181127/tools/bin/../lib/gcc/arm-none-eabi/10.3.1/../../../../arm-none-eabi/lib/thumb/v7e-m+fp/hard/libc_nano.a(lib_a-fwrite.o)
                              ./Middlewares/Third_Party/LibJPEG/source/jdatadst.o (fwrite)
/home/wissam/st/stm32cubeide_1.10.1/plugins/com.st.stm32cube.ide.mcu.externaltools.gnu-tools-for-stm32.10.3-2021.10.linux64_1.0.0.202111181127/tools/bin/../lib/gcc/arm-none-eabi/10.3.1/../../../../arm-none-eabi/lib/thumb/v7e-m+fp/hard/libc_nano.a(lib_a-impure.o)
                              /home/wissam/st/stm32cubeide_1.10.1/plugins/com.st.stm32cube.ide.mcu.externaltools.gnu-tools-for-stm32.10.3-2021.10.linux64_1.0.0.202111181127/tools/bin/../lib/gcc/arm-none-eabi/10.3.1/../../../../arm-none-eabi/lib/thumb/v7e-m+fp/hard/libc_nano.a(lib_a-exit.o) (_global_impure_ptr)
/home/wissam/st/stm32cubeide_1.10.1/plugins/com.st.stm32cube.ide.mcu.externaltools.gnu-tools-for-stm32.10.3-2021.10.linux64_1.0.0.202111181127/tools/bin/../lib/gcc/arm-none-eabi/10.3.1/../../../../arm-none-eabi/lib/thumb/v7e-m+fp/hard/libc_nano.a(lib_a-init.o)
                              /home/wissam/st/stm32cubeide_1.10.1/plugins/com.st.stm32cube.ide.mcu.externaltools.gnu-tools-for-stm32.10.3-2021.10.linux64_1.0.0.202111181127/tools/bin/../lib/gcc/arm-none-eabi/10.3.1/../../../../arm-none-eabi/lib/thumb/v7e-m+fp/hard/crt0.o (__libc_init_array)
/home/wissam/st/stm32cubeide_1.10.1/plugins/com.st.stm32cube.ide.mcu.externaltools.gnu-tools-for-stm32.10.3-2021.10.linux64_1.0.0.202111181127/tools/bin/../lib/gcc/arm-none-eabi/10.3.1/../../../../arm-none-eabi/lib/thumb/v7e-m+fp/hard/libc_nano.a(lib_a-lock.o)
                              /home/wissam/st/stm32cubeide_1.10.1/plugins/com.st.stm32cube.ide.mcu.externaltools.gnu-tools-for-stm32.10.3-2021.10.linux64_1.0.0.202111181127/tools/bin/../lib/gcc/arm-none-eabi/10.3.1/../../../../arm-none-eabi/lib/thumb/v7e-m+fp/hard/libc_nano.a(lib_a-fread.o) (__retarget_lock_acquire_recursive)
/home/wissam/st/stm32cubeide_1.10.1/plugins/com.st.stm32cube.ide.mcu.externaltools.gnu-tools-for-stm32.10.3-2021.10.linux64_1.0.0.202111181127/tools/bin/../lib/gcc/arm-none-eabi/10.3.1/../../../../arm-none-eabi/lib/thumb/v7e-m+fp/hard/libc_nano.a(lib_a-malloc.o)
                              ./Middlewares/Third_Party/LibJPEG/source/jdatadst.o (malloc)
/home/wissam/st/stm32cubeide_1.10.1/plugins/com.st.stm32cube.ide.mcu.externaltools.gnu-tools-for-stm32.10.3-2021.10.linux64_1.0.0.202111181127/tools/bin/../lib/gcc/arm-none-eabi/10.3.1/../../../../arm-none-eabi/lib/thumb/v7e-m+fp/hard/libc_nano.a(lib_a-memcpy-stub.o)
[...]
Memory Configuration

Name             Origin             Length             Attributes
CCMRAM           0x0000000010000000 0x0000000000010000 xrw
RAM              0x0000000020000000 0x0000000000020000 xrw
FLASH            0x0000000008000000 0x0000000000080000 xr
*default*        0x0000000000000000 0xffffffffffffffff

Linker script and memory map

LOAD /home/wissam/st/stm32cubeide_1.10.1/plugins/com.st.stm32cube.ide.mcu.externaltools.gnu-tools-for-stm32.10.3-2021.10.linux64_1.0.0.202111181127/tools/bin/../lib/gcc/arm-none-eabi/10.3.1/thumb/v7e-m+fp/hard/crti.o
LOAD /home/wissam/st/stm32cubeide_1.10.1/plugins/com.st.stm32cube.ide.mcu.externaltools.gnu-tools-for-stm32.10.3-2021.10.linux64_1.0.0.202111181127/tools/bin/../lib/gcc/arm-none-eabi/10.3.1/thumb/v7e-m+fp/hard/crtbegin.o
LOAD /home/wissam/st/stm32cubeide_1.10.1/plugins/com.st.stm32cube.ide.mcu.externaltools.gnu-tools-for-stm32.10.3-2021.10.linux64_1.0.0.202111181127/tools/bin/../lib/gcc/arm-none-eabi/10.3.1/../../../../arm-none-eabi/lib/thumb/v7e-m+fp/hard/crt0.o
LOAD ./Core/Src/CurveGen.o
LOAD ./Core/Src/kinematics.o
LOAD ./Core/Src/lsm6dso32x_reg.o
LOAD ./Core/Src/main.o
LOAD ./Core/Src/stm32f4xx_hal_msp.o
LOAD ./Core/Src/stm32f4xx_it.o
LOAD ./Core/Src/syscalls.o
LOAD ./Core/Src/sysmem.o
LOAD ./Core/Src/system_stm32f4xx.o
LOAD ./Core/Startup/startup_stm32f407vetx.o
LOAD ./Drivers/STM32F4xx_HAL_Driver/Src/stm32f4xx_hal.o
LOAD ./Drivers/STM32F4xx_HAL_Driver/Src/stm32f4xx_hal_adc.o
LOAD ./Drivers/STM32F4xx_HAL_Driver/Src/stm32f4xx_hal_adc_ex.o
LOAD ./Drivers/STM32F4xx_HAL_Driver/Src/stm32f4xx_hal_cortex.o
LOAD ./Drivers/STM32F4xx_HAL_Driver/Src/stm32f4xx_hal_dcmi.o
LOAD ./Drivers/STM32F4xx_HAL_Driver/Src/stm32f4xx_hal_dcmi_ex.o
LOAD ./Drivers/STM32F4xx_HAL_Driver/Src/stm32f4xx_hal_dma.o
LOAD ./Drivers/STM32F4xx_HAL_Driver/Src/stm32f4xx_hal_dma_ex.o
LOAD ./Drivers/STM32F4xx_HAL_Driver/Src/stm32f4xx_hal_exti.o
LOAD ./Drivers/STM32F4xx_HAL_Driver/Src/stm32f4xx_hal_flash.o
LOAD ./Drivers/STM32F4xx_HAL_Driver/Src/stm32f4xx_hal_flash_ex.o
LOAD ./Drivers/STM32F4xx_HAL_Driver/Src/stm32f4xx_hal_flash_ramfunc.o
LOAD ./Drivers/STM32F4xx_HAL_Driver/Src/stm32f4xx_hal_gpio.o
LOAD ./Drivers/STM32F4xx_HAL_Driver/Src/stm32f4xx_hal_i2c.o
LOAD ./Drivers/STM32F4xx_HAL_Driver/Src/stm32f4xx_hal_i2c_ex.o
LOAD ./Drivers/STM32F4xx_HAL_Driver/Src/stm32f4xx_hal_pwr.o
LOAD ./Drivers/STM32F4xx_HAL_Driver/Src/stm32f4xx_hal_pwr_ex.o
LOAD ./Drivers/STM32F4xx_HAL_Driver/Src/stm32f4xx_hal_rcc.o
LOAD ./Drivers/STM32F4xx_HAL_Driver/Src/stm32f4xx_hal_rcc_ex.o
LOAD ./Drivers/STM32F4xx_HAL_Driver/Src/stm32f4xx_hal_sd.o
LOAD ./Drivers/STM32F4xx_HAL_Driver/Src/stm32f4xx_hal_tim.o
LOAD ./Drivers/STM32F4xx_HAL_Driver/Src/stm32f4xx_hal_tim_ex.o
LOAD ./Drivers/STM32F4xx_HAL_Driver/Src/stm32f4xx_hal_uart.o
LOAD ./Drivers/STM32F4xx_HAL_Driver/Src/stm32f4xx_ll_adc.o
LOAD ./Drivers/STM32F4xx_HAL_Driver/Src/stm32f4xx_ll_sdmmc.o
LOAD ./FATFS/App/fatfs.o
LOAD ./FATFS/Target/bsp_driver_sd.o
LOAD ./FATFS/Target/fatfs_platform.o
LOAD ./FATFS/Target/sd_diskio.o
LOAD ./LIBJPEG/App/libjpeg.o
LOAD ./Middlewares/Third_Party/FatFs/src/diskio.o
LOAD ./Middlewares/Third_Party/FatFs/src/ff.o
LOAD ./Middlewares/Third_Party/FatFs/src/ff_gen_drv.o
LOAD ./Middlewares/Third_Party/FatFs/src/option/syscall.o
LOAD ./Middlewares/Third_Party/LibJPEG/source/jaricom.o
LOAD ./Middlewares/Third_Party/LibJPEG/source/jcapimin.o
LOAD ./Middlewares/Third_Party/LibJPEG/source/jcapistd.o
LOAD ./Middlewares/Third_Party/LibJPEG/source/jcarith.o
LOAD ./Middlewares/Third_Party/LibJPEG/source/jccoefct.o
LOAD ./Middlewares/Third_Party/LibJPEG/source/jccolor.o
LOAD ./Middlewares/Third_Party/LibJPEG/source/jcdctmgr.o
LOAD ./Middlewares/Third_Party/LibJPEG/source/jchuff.o
LOAD ./Middlewares/Third_Party/LibJPEG/source/jcinit.o
LOAD ./Middlewares/Third_Party/LibJPEG/source/jcmainct.o
LOAD ./Middlewares/Third_Party/LibJPEG/source/jcmarker.o
LOAD ./Middlewares/Third_Party/LibJPEG/source/jcmaster.o
LOAD ./Middlewares/Third_Party/LibJPEG/source/jcomapi.o
LOAD ./Middlewares/Third_Party/LibJPEG/source/jcparam.o
LOAD ./Middlewares/Third_Party/LibJPEG/source/jcprepct.o
LOAD ./Middlewares/Third_Party/LibJPEG/source/jcsample.o
LOAD ./Middlewares/Third_Party/LibJPEG/source/jctrans.o
LOAD ./Middlewares/Third_Party/LibJPEG/source/jdapimin.o
LOAD ./Middlewares/Third_Party/LibJPEG/source/jdapistd.o
LOAD ./Middlewares/Third_Party/LibJPEG/source/jdarith.o
LOAD ./Middlewares/Third_Party/LibJPEG/source/jdatadst.o
LOAD ./Middlewares/Third_Party/LibJPEG/source/jdatasrc.o
LOAD ./Middlewares/Third_Party/LibJPEG/source/jdcoefct.o
LOAD ./Middlewares/Third_Party/LibJPEG/source/jdcolor.o
LOAD ./Middlewares/Third_Party/LibJPEG/source/jddctmgr.o
LOAD ./Middlewares/Third_Party/LibJPEG/source/jdhuff.o
LOAD ./Middlewares/Third_Party/LibJPEG/source/jdinput.o
LOAD ./Middlewares/Third_Party/LibJPEG/source/jdmainct.o
LOAD ./Middlewares/Third_Party/LibJPEG/source/jdmarker.o
LOAD ./Middlewares/Third_Party/LibJPEG/source/jdmaster.o
LOAD ./Middlewares/Third_Party/LibJPEG/source/jdmerge.o
LOAD ./Middlewares/Third_Party/LibJPEG/source/jdpostct.o
LOAD ./Middlewares/Third_Party/LibJPEG/source/jdsample.o
LOAD ./Middlewares/Third_Party/LibJPEG/source/jdtrans.o
LOAD ./Middlewares/Third_Party/LibJPEG/source/jerror.o
LOAD ./Middlewares/Third_Party/LibJPEG/source/jfdctflt.o
LOAD ./Middlewares/Third_Party/LibJPEG/source/jfdctfst.o
LOAD ./Middlewares/Third_Party/LibJPEG/source/jfdctint.o
LOAD ./Middlewares/Third_Party/LibJPEG/source/jidctflt.o
LOAD ./Middlewares/Third_Party/LibJPEG/source/jidctfst.o
LOAD ./Middlewares/Third_Party/LibJPEG/source/jidctint.o
LOAD ./Middlewares/Third_Party/LibJPEG/source/jmemmgr.o
LOAD ./Middlewares/Third_Party/LibJPEG/source/jmemnobs.o
LOAD ./Middlewares/Third_Party/LibJPEG/source/jquant1.o
LOAD ./Middlewares/Third_Party/LibJPEG/source/jquant2.o
LOAD ./Middlewares/Third_Party/LibJPEG/source/jutils.o
LOAD /home/wissam/STM32CubeIDE/workspace_1.10.1/RoDog/libs/libarm_cortexM4lf_math.a
START GROUP
LOAD /home/wissam/st/stm32cubeide_1.10.1/plugins/com.st.stm32cube.ide.mcu.externaltools.gnu-tools-for-stm32.10.3-2021.10.linux64_1.0.0.202111181127/tools/bin/../lib/gcc/arm-none-eabi/10.3.1/../../../../arm-none-eabi/lib/thumb/v7e-m+fp/hard/libc_nano.a
LOAD /home/wissam/st/stm32cubeide_1.10.1/plugins/com.st.stm32cube.ide.mcu.externaltools.gnu-tools-for-stm32.10.3-2021.10.linux64_1.0.0.202111181127/tools/bin/../lib/gcc/arm-none-eabi/10.3.1/../../../../arm-none-eabi/lib/thumb/v7e-m+fp/hard/libm.a
END GROUP
START GROUP
LOAD /home/wissam/st/stm32cubeide_1.10.1/plugins/com.st.stm32cube.ide.mcu.externaltools.gnu-tools-for-stm32.10.3-2021.10.linux64_1.0.0.202111181127/tools/bin/../lib/gcc/arm-none-eabi/10.3.1/thumb/v7e-m+fp/hard/libgcc.a
LOAD /home/wissam/st/stm32cubeide_1.10.1/plugins/com.st.stm32cube.ide.mcu.externaltools.gnu-tools-for-stm32.10.3-2021.10.linux64_1.0.0.202111181127/tools/bin/../lib/gcc/arm-none-eabi/10.3.1/../../../../arm-none-eabi/lib/thumb/v7e-m+fp/hard/libc_nano.a
END GROUP
START GROUP
LOAD /home/wissam/st/stm32cubeide_1.10.1/plugins/com.st.stm32cube.ide.mcu.externaltools.gnu-tools-for-stm32.10.3-2021.10.linux64_1.0.0.202111181127/tools/bin/../lib/gcc/arm-none-eabi/10.3.1/thumb/v7e-m+fp/hard/libgcc.a
LOAD /home/wissam/st/stm32cubeide_1.10.1/plugins/com.st.stm32cube.ide.mcu.externaltools.gnu-tools-for-stm32.10.3-2021.10.linux64_1.0.0.202111181127/tools/bin/../lib/gcc/arm-none-eabi/10.3.1/../../../../arm-none-eabi/lib/thumb/v7e-m+fp/hard/libc_nano.a
LOAD /home/wissam/st/stm32cubeide_1.10.1/plugins/com.st.stm32cube.ide.mcu.externaltools.gnu-tools-for-stm32.10.3-2021.10.linux64_1.0.0.202111181127/tools/bin/../lib/gcc/arm-none-eabi/10.3.1/../../../../arm-none-eabi/lib/thumb/v7e-m+fp/hard/libnosys.a
END GROUP
START GROUP
LOAD /home/wissam/st/stm32cubeide_1.10.1/plugins/com.st.stm32cube.ide.mcu.externaltools.gnu-tools-for-stm32.10.3-2021.10.linux64_1.0.0.202111181127/tools/bin/../lib/gcc/arm-none-eabi/10.3.1/thumb/v7e-m+fp/hard/libgcc.a
LOAD /home/wissam/st/stm32cubeide_1.10.1/plugins/com.st.stm32cube.ide.mcu.externaltools.gnu-tools-for-stm32.10.3-2021.10.linux64_1.0.0.202111181127/tools/bin/../lib/gcc/arm-none-eabi/10.3.1/../../../../arm-none-eabi/lib/thumb/v7e-m+fp/hard/libc_nano.a
LOAD /home/wissam/st/stm32cubeide_1.10.1/plugins/com.st.stm32cube.ide.mcu.externaltools.gnu-tools-for-stm32.10.3-2021.10.linux64_1.0.0.202111181127/tools/bin/../lib/gcc/arm-none-eabi/10.3.1/../../../../arm-none-eabi/lib/thumb/v7e-m+fp/hard/libnosys.a
END GROUP
LOAD /home/wissam/st/stm32cubeide_1.10.1/plugins/com.st.stm32cube.ide.mcu.externaltools.gnu-tools-for-stm32.10.3-2021.10.linux64_1.0.0.202111181127/tools/bin/../lib/gcc/arm-none-eabi/10.3.1/thumb/v7e-m+fp/hard/crtend.o
LOAD /home/wissam/st/stm32cubeide_1.10.1/plugins/com.st.stm32cube.ide.mcu.externaltools.gnu-tools-for-stm32.10.3-2021.10.linux64_1.0.0.202111181127/tools/bin/../lib/gcc/arm-none-eabi/10.3.1/thumb/v7e-m+fp/hard/crtn.o
                0x0000000020020000                _estack = (ORIGIN (RAM) + LENGTH (RAM))
                0x0000000000000200                _Min_Heap_Size = 0x200
                0x0000000000000400                _Min_Stack_Size = 0x400

.isr_vector     0x0000000008000000      0x188
                0x0000000008000000                . = ALIGN (0x4)
 *(.isr_vector)
 .isr_vector    0x0000000008000000      0x188 ./Core/Startup/startup_stm32f407vetx.o
                0x0000000008000000                g_pfnVectors
                0x0000000008000188                . = ALIGN (0x4)

.text           0x0000000008000190     0xb294
                0x0000000008000190                . = ALIGN (0x4)
 *(.text)
 .text          0x0000000008000190       0x40 /home/wissam/st/stm32cubeide_1.10.1/plugins/com.st.stm32cube.ide.mcu.externaltools.gnu-tools-for-stm32.10.3-2021.10.linux64_1.0.0.202111181127/tools/bin/../lib/gcc/arm-none-eabi/10.3.1/thumb/v7e-m+fp/hard/crtbegin.o
 .text          0x00000000080001d0       0xa0 /home/wissam/st/stm32cubeide_1.10.1/plugins/com.st.stm32cube.ide.mcu.externaltools.gnu-tools-for-stm32.10.3-2021.10.linux64_1.0.0.202111181127/tools/bin/../lib/gcc/arm-none-eabi/10.3.1/../../../../arm-none-eabi/lib/thumb/v7e-m+fp/hard/libc_nano.a(lib_a-memchr.o)
                0x00000000080001d0                memchr
 .text          0x0000000008000270      0x378 /home/wissam/st/stm32cubeide_1.10.1/plugins/com.st.stm32cube.ide.mcu.externaltools.gnu-tools-for-stm32.10.3-2021.10.linux64_1.0.0.202111181127/tools/bin/../lib/gcc/arm-none-eabi/10.3.1/thumb/v7e-m+fp/hard/libgcc.a(_arm_addsubdf3.o)
                0x0000000008000270                __aeabi_drsub
                0x0000000008000278                __aeabi_dsub
                0x0000000008000278                __subdf3
                0x000000000800027c                __adddf3
                0x000000000800027c                __aeabi_dadd
                0x00000000080004f4                __aeabi_ui2d
                0x00000000080004f4                __floatunsidf
                0x0000000008000514                __floatsidf
                0x0000000008000514                __aeabi_i2d
                0x0000000008000538                __extendsfdf2
                0x0000000008000538                __aeabi_f2d
                0x000000000800057c                __aeabi_ul2d
                0x000000000800057c                __floatundidf
                0x000000000800058c                __floatdidf
                0x000000000800058c                __aeabi_l2d
 .text          0x00000000080005e8      0x424 /home/wissam/st/stm32cubeide_1.10.1/plugins/com.st.stm32cube.ide.mcu.externaltools.gnu-tools-for-stm32.10.3-2021.10.linux64_1.0.0.202111181127/tools/bin/../lib/gcc/arm-none-eabi/10.3.1/thumb/v7e-m+fp/hard/libgcc.a(_arm_muldivdf3.o)
                0x00000000080005e8                __aeabi_dmul
                0x00000000080005e8                __muldf3
                0x000000000800083c                __aeabi_ddiv
                0x000000000800083c                __divdf3
 .text          0x0000000008000a0c      0x110 /home/wissam/st/stm32cubeide_1.10.1/plugins/com.st.stm32cube.ide.mcu.externaltools.gnu-tools-for-stm32.10.3-2021.10.linux64_1.0.0.202111181127/tools/bin/../lib/gcc/arm-none-eabi/10.3.1/thumb/v7e-m+fp/hard/libgcc.a(_arm_cmpdf2.o)
                0x0000000008000a0c                __gtdf2
                0x0000000008000a0c                __gedf2
                0x0000000008000a14                __ltdf2
                0x0000000008000a14                __ledf2
                0x0000000008000a1c                __cmpdf2
                0x0000000008000a1c                __eqdf2
                0x0000000008000a1c                __nedf2
                0x0000000008000a98                __aeabi_cdrcmple
                0x0000000008000aa8                __aeabi_cdcmple
                0x0000000008000aa8                __aeabi_cdcmpeq
                0x0000000008000ab8                __aeabi_dcmpeq
                0x0000000008000acc                __aeabi_dcmplt
                0x0000000008000ae0                __aeabi_dcmple
                0x0000000008000af4                __aeabi_dcmpge
                0x0000000008000b08                __aeabi_dcmpgt
 .text          0x0000000008000b1c       0x2c /home/wissam/st/stm32cubeide_1.10.1/plugins/com.st.stm32cube.ide.mcu.externaltools.gnu-tools-for-stm32.10.3-2021.10.linux64_1.0.0.202111181127/tools/bin/../lib/gcc/arm-none-eabi/10.3.1/thumb/v7e-m+fp/hard/libgcc.a(_arm_unorddf2.o)
                0x0000000008000b1c                __aeabi_dcmpun
                0x0000000008000b1c                __unorddf2
 .text          0x0000000008000b48       0x50 /home/wissam/st/stm32cubeide_1.10.1/plugins/com.st.stm32cube.ide.mcu.externaltools.gnu-tools-for-stm32.10.3-2021.10.linux64_1.0.0.202111181127/tools/bin/../lib/gcc/arm-none-eabi/10.3.1/thumb/v7e-m+fp/hard/libgcc.a(_arm_fixdfsi.o)
                0x0000000008000b48                __fixdfsi
                0x0000000008000b48                __aeabi_d2iz
 .text          0x0000000008000b98       0x40 /home/wissam/st/stm32cubeide_1.10.1/plugins/com.st.stm32cube.ide.mcu.externaltools.gnu-tools-for-stm32.10.3-2021.10.linux64_1.0.0.202111181127/tools/bin/../lib/gcc/arm-none-eabi/10.3.1/thumb/v7e-m+fp/hard/libgcc.a(_arm_fixunsdfsi.o)
                0x0000000008000b98                __fixunsdfsi
                0x0000000008000b98                __aeabi_d2uiz
 .text          0x0000000008000bd8       0xa0 /home/wissam/st/stm32cubeide_1.10.1/plugins/com.st.stm32cube.ide.mcu.externaltools.gnu-tools-for-stm32.10.3-2021.10.linux64_1.0.0.202111181127/tools/bin/../lib/gcc/arm-none-eabi/10.3.1/thumb/v7e-m+fp/hard/libgcc.a(_arm_truncdfsf2.o)
                0x0000000008000bd8                __aeabi_d2f
                0x0000000008000bd8                __truncdfsf2
 .text          0x0000000008000c78       0x30 /home/wissam/st/stm32cubeide_1.10.1/plugins/com.st.stm32cube.ide.mcu.externaltools.gnu-tools-for-stm32.10.3-2021.10.linux64_1.0.0.202111181127/tools/bin/../lib/gcc/arm-none-eabi/10.3.1/thumb/v7e-m+fp/hard/libgcc.a(_aeabi_uldivmod.o)
                0x0000000008000c78                __aeabi_uldivmod
 .text          0x0000000008000ca8      0x2d0 /home/wissam/st/stm32cubeide_1.10.1/plugins/com.st.stm32cube.ide.mcu.externaltools.gnu-tools-for-stm32.10.3-2021.10.linux64_1.0.0.202111181127/tools/bin/../lib/gcc/arm-none-eabi/10.3.1/thumb/v7e-m+fp/hard/libgcc.a(_udivmoddi4.o)
                0x0000000008000ca8                __udivmoddi4
 .text          0x0000000008000f78        0x4 /home/wissam/st/stm32cubeide_1.10.1/plugins/com.st.stm32cube.ide.mcu.externaltools.gnu-tools-for-stm32.10.3-2021.10.linux64_1.0.0.202111181127/tools/bin/../lib/gcc/arm-none-eabi/10.3.1/thumb/v7e-m+fp/hard/libgcc.a(_dvmd_tls.o)
                0x0000000008000f78                __aeabi_ldiv0
                0x0000000008000f78                __aeabi_idiv0
 *(.text*)
 .text.Tpoints  0x0000000008000f7c       0x8a ./Core/Src/CurveGen.o
                0x0000000008000f7c                Tpoints
 *fill*         0x0000000008001006        0x2 
 .text.CurvePoints
                0x0000000008001008      0x2e8 ./Core/Src/CurveGen.o
                0x0000000008001008                CurvePoints
 .text.IK_leg   0x00000000080012f0      0x400 ./Core/Src/kinematics.o
                0x00000000080012f0                IK_leg
 .text.TransformMatrix
                0x00000000080016f0      0x204 ./Core/Src/kinematics.o
                0x00000000080016f0                TransformMatrix
 .text.IK_body  0x00000000080018f4      0x1c0 ./Core/Src/kinematics.o
                0x00000000080018f4                IK_body
 .text.lsm6dso32x_read_reg
                0x0000000008001ab4        0xe ./Core/Src/lsm6dso32x_reg.o
                0x0000000008001ab4                lsm6dso32x_read_reg
 .text.lsm6dso32x_write_reg
                0x0000000008001ac2        0xe ./Core/Src/lsm6dso32x_reg.o
                0x0000000008001ac2                lsm6dso32x_write_reg
 .text.lsm6dso32x_from_fs2000_to_mdps
                0x0000000008001ad0       0x18 ./Core/Src/lsm6dso32x_reg.o
                0x0000000008001ad0                lsm6dso32x_from_fs2000_to_mdps
 .text.lsm6dso32x_xl_full_scale_set
                0x0000000008001ae8       0x2e ./Core/Src/lsm6dso32x_reg.o
                0x0000000008001ae8                lsm6dso32x_xl_full_scale_set
 .text.lsm6dso32x_gy_full_scale_set
                0x0000000008001b16       0x2e ./Core/Src/lsm6dso32x_reg.o
                0x0000000008001b16                lsm6dso32x_gy_full_scale_set
 .text.lsm6dso32x_xl_flag_data_ready_get
                0x0000000008001b44       0x1c ./Core/Src/lsm6dso32x_reg.o
                0x0000000008001b44                lsm6dso32x_xl_flag_data_ready_get
 .text.lsm6dso32x_gy_flag_data_ready_get
                0x0000000008001b60       0x1c ./Core/Src/lsm6dso32x_reg.o
                0x0000000008001b60                lsm6dso32x_gy_flag_data_ready_get
 .text.lsm6dso32x_angular_rate_raw_get
                0x0000000008001b7c       0x3c ./Core/Src/lsm6dso32x_reg.o
                0x0000000008001b7c                lsm6dso32x_angular_rate_raw_get
 .text.lsm6dso32x_acceleration_raw_get
                0x0000000008001bb8       0x3c ./Core/Src/lsm6dso32x_reg.o
                0x0000000008001bb8                lsm6dso32x_acceleration_raw_get
 .text.lsm6dso32x_mem_bank_set
                0x0000000008001bf4       0x2e ./Core/Src/lsm6dso32x_reg.o
                0x0000000008001bf4                lsm6dso32x_mem_bank_set
 .text.lsm6dso32x_device_id_get
                0x0000000008001c22        0xa ./Core/Src/lsm6dso32x_reg.o
                0x0000000008001c22                lsm6dso32x_device_id_get
 .text.lsm6dso32x_reset_set
                0x0000000008001c2c       0x2e ./Core/Src/lsm6dso32x_reg.o
                0x0000000008001c2c                lsm6dso32x_reset_set
 .text.lsm6dso32x_reset_get
                0x0000000008001c5a       0x1c ./Core/Src/lsm6dso32x_reg.o
                0x0000000008001c5a                lsm6dso32x_reset_get
 .text.lsm6dso32x_xl_lp2_on_6d_set
                0x0000000008001c76       0x2e ./Core/Src/lsm6dso32x_reg.o
                0x0000000008001c76                lsm6dso32x_xl_lp2_on_6d_set
 .text.lsm6dso32x_i3c_disable_set
                0x0000000008001ca4       0x58 ./Core/Src/lsm6dso32x_reg.o
                0x0000000008001ca4                lsm6dso32x_i3c_disable_set
 .text.lsm6dso32x_6d_threshold_set
                0x0000000008001cfc       0x2e ./Core/Src/lsm6dso32x_reg.o
                0x0000000008001cfc                lsm6dso32x_6d_threshold_set
 .text.lsm6dso32x_4d_mode_set
                0x0000000008001d2a       0x2e ./Core/Src/lsm6dso32x_reg.o
                0x0000000008001d2a                lsm6dso32x_4d_mode_set
 .text.lsm6dso32x_fsm_enable_get
                0x0000000008001d58       0x2e ./Core/Src/lsm6dso32x_reg.o
                0x0000000008001d58                lsm6dso32x_fsm_enable_get
 .text.lsm6dso32x_fsm_data_rate_get
                0x0000000008001d86       0x42 ./Core/Src/lsm6dso32x_reg.o
                0x0000000008001d86                lsm6dso32x_fsm_data_rate_get
 .text.lsm6dso32x_mlc_data_rate_get
                0x0000000008001dc8       0x42 ./Core/Src/lsm6dso32x_reg.o
                0x0000000008001dc8                lsm6dso32x_mlc_data_rate_get
 .text.lsm6dso32x_embedded_sens_get
                0x0000000008001e0a       0x74 ./Core/Src/lsm6dso32x_reg.o
                0x0000000008001e0a                lsm6dso32x_embedded_sens_get
 .text.lsm6dso32x_xl_data_rate_set
                0x0000000008001e7e      0x140 ./Core/Src/lsm6dso32x_reg.o
                0x0000000008001e7e                lsm6dso32x_xl_data_rate_set
 .text.lsm6dso32x_gy_data_rate_set
                0x0000000008001fbe      0x146 ./Core/Src/lsm6dso32x_reg.o
                0x0000000008001fbe                lsm6dso32x_gy_data_rate_set
 .text.platform_write
                0x0000000008002104       0x1a ./Core/Src/main.o
                0x0000000008002104                platform_write
 .text.platform_read
                0x000000000800211e       0x1a ./Core/Src/main.o
                0x000000000800211e                platform_read
 .text.EN_motors
                0x0000000008002138       0x1c ./Core/Src/main.o
                0x0000000008002138                EN_motors
 .text.DIS_motors
                0x0000000008002154       0x1c ./Core/Src/main.o
                0x0000000008002154                DIS_motors
 .text.adc_to_rad
                0x0000000008002170       0x44 ./Core/Src/main.o
                0x0000000008002170                adc_to_rad
 .text.ReadServos
                0x00000000080021b4       0x2c ./Core/Src/main.o
                0x00000000080021b4                ReadServos
 .text.Joints_init
                0x00000000080021e0      0x324 ./Core/Src/main.o
                0x00000000080021e0                Joints_init
 .text.LSM_init
                0x0000000008002504       0x90 ./Core/Src/main.o
                0x0000000008002504                LSM_init
 .text.Rodog_init
                0x0000000008002594       0x38 ./Core/Src/main.o
                0x0000000008002594                Rodog_init
 .text.WriteJoint
                0x00000000080025cc       0x2e ./Core/Src/main.o
                0x00000000080025cc                WriteJoint
 *fill*         0x00000000080025fa        0x6 
 .text.PublishServos
                0x0000000008002600       0x78 ./Core/Src/main.o
                0x0000000008002600                PublishServos
 .text.gyro_to_radps
                0x0000000008002678       0x14 ./Core/Src/main.o
                0x0000000008002678                gyro_to_radps
 .text.get_xl   0x000000000800268c      0x144 ./Core/Src/main.o
                0x000000000800268c                get_xl
 .text.get_gyro
                0x00000000080027d0       0x94 ./Core/Src/main.o
                0x00000000080027d0                get_gyro
 *fill*         0x0000000008002864        0x4 
 .text.PID_body
                0x0000000008002868      0x1bc ./Core/Src/main.o
                0x0000000008002868                PID_body
 .text.Home     0x0000000008002a24       0x9c ./Core/Src/main.o
                0x0000000008002a24                Home
 .text.I2C1_ClearBusyFlagErratum
                0x0000000008002ac0      0x1b8 ./Core/Src/main.o
                0x0000000008002ac0                I2C1_ClearBusyFlagErratum
 .text.swap_ui16
                0x0000000008002c78       0x14 ./Core/Src/main.o
                0x0000000008002c78                swap_ui16
 .text.partition_ui16
                0x0000000008002c8c       0x32 ./Core/Src/main.o
                0x0000000008002c8c                partition_ui16
 .text.quickSelect_ui16
                0x0000000008002cbe       0x32 ./Core/Src/main.o
                0x0000000008002cbe                quickSelect_ui16
 .text.computeMedian_ui16
                0x0000000008002cf0       0x10 ./Core/Src/main.o
                0x0000000008002cf0                computeMedian_ui16
 .text.swap_f32
                0x0000000008002d00       0x12 ./Core/Src/main.o
                0x0000000008002d00                swap_f32
 .text.partition_f32
                0x0000000008002d12       0x4e ./Core/Src/main.o
                0x0000000008002d12                partition_f32
 .text.quickSelect_f32
                0x0000000008002d60       0x36 ./Core/Src/main.o
                0x0000000008002d60                quickSelect_f32
 .text.computeMedian_f32
                0x0000000008002d96        0xa ./Core/Src/main.o
                0x0000000008002d96                computeMedian_f32
 .text.combine_imu
                0x0000000008002da0       0xe8 ./Core/Src/main.o
                0x0000000008002da0                combine_imu
 .text.HAL_TIM_PeriodElapsedCallback
                0x0000000008002e88      0x104 ./Core/Src/main.o
                0x0000000008002e88                HAL_TIM_PeriodElapsedCallback
 .text.HAL_ADC_ConvCpltCallback
                0x0000000008002f8c      0x140 ./Core/Src/main.o
                0x0000000008002f8c                HAL_ADC_ConvCpltCallback
 .text.EN_DMA_IT
                0x00000000080030cc       0x3c ./Core/Src/main.o
                0x00000000080030cc                EN_DMA_IT
 .text.Error_Handler
                0x0000000008003108       0x24 ./Core/Src/main.o
                0x0000000008003108                Error_Handler
 .text.SystemClock_Config
                0x000000000800312c       0xa0 ./Core/Src/main.o
                0x000000000800312c                SystemClock_Config
 .text.startup.main
                0x00000000080031cc      0xa48 ./Core/Src/main.o
                0x00000000080031cc                main
 .text.HAL_MspInit
                0x0000000008003c14       0x38 ./Core/Src/stm32f4xx_hal_msp.o
                0x0000000008003c14                HAL_MspInit
 .text.HAL_ADC_MspInit
                0x0000000008003c4c      0x1fc ./Core/Src/stm32f4xx_hal_msp.o
                0x0000000008003c4c                HAL_ADC_MspInit
 .text.HAL_DCMI_MspInit
                0x0000000008003e48       0xc4 ./Core/Src/stm32f4xx_hal_msp.o
                0x0000000008003e48                HAL_DCMI_MspInit
 .text.HAL_I2C_MspInit
                0x0000000008003f0c       0xcc ./Core/Src/stm32f4xx_hal_msp.o
                0x0000000008003f0c                HAL_I2C_MspInit
 .text.HAL_SD_MspInit
                0x0000000008003fd8       0x9c ./Core/Src/stm32f4xx_hal_msp.o
                0x0000000008003fd8                HAL_SD_MspInit
 .text.HAL_TIM_Base_MspInit
                0x0000000008004074       0xfc ./Core/Src/stm32f4xx_hal_msp.o
                0x0000000008004074                HAL_TIM_Base_MspInit
 .text.HAL_TIM_PWM_MspInit
                0x0000000008004170       0x30 ./Core/Src/stm32f4xx_hal_msp.o
                0x0000000008004170                HAL_TIM_PWM_MspInit
 .text.HAL_TIM_MspPostInit
                0x00000000080041a0       0xfc ./Core/Src/stm32f4xx_hal_msp.o
                0x00000000080041a0                HAL_TIM_MspPostInit
 .text.HAL_UART_MspInit
                0x000000000800429c       0xac ./Core/Src/stm32f4xx_hal_msp.o
                0x000000000800429c                HAL_UART_MspInit
 .text.NMI_Handler
                0x0000000008004348        0x2 ./Core/Src/stm32f4xx_it.o
                0x0000000008004348                NMI_Handler
 *fill*         0x000000000800434a        0x2 
 .text.HardFault_Handler
                0x000000000800434c       0x14 ./Core/Src/stm32f4xx_it.o
                0x000000000800434c                HardFault_Handler
 .text.MemManage_Handler
                0x0000000008004360        0x2 ./Core/Src/stm32f4xx_it.o
                0x0000000008004360                MemManage_Handler
 .text.BusFault_Handler
                0x0000000008004362        0x2 ./Core/Src/stm32f4xx_it.o
                0x0000000008004362                BusFault_Handler
 .text.UsageFault_Handler
                0x0000000008004364        0x2 ./Core/Src/stm32f4xx_it.o
                0x0000000008004364                UsageFault_Handler
 .text.SVC_Handler
                0x0000000008004366        0x2 ./Core/Src/stm32f4xx_it.o
                0x0000000008004366                SVC_Handler
 .text.DebugMon_Handler
                0x0000000008004368        0x2 ./Core/Src/stm32f4xx_it.o
                0x0000000008004368                DebugMon_Handler
 .text.PendSV_Handler
                0x000000000800436a        0x2 ./Core/Src/stm32f4xx_it.o
                0x000000000800436a                PendSV_Handler
 .text.SysTick_Handler
                0x000000000800436c        0x4 ./Core/Src/stm32f4xx_it.o
                0x000000000800436c                SysTick_Handler
 .text.EXTI4_IRQHandler
                0x0000000008004370       0x4c ./Core/Src/stm32f4xx_it.o
                0x0000000008004370                EXTI4_IRQHandler
 .text.EXTI9_5_IRQHandler
                0x00000000080043bc       0x20 ./Core/Src/stm32f4xx_it.o
                0x00000000080043bc                EXTI9_5_IRQHandler
 .text.TIM1_TRG_COM_TIM11_IRQHandler
                0x00000000080043dc       0x1c ./Core/Src/stm32f4xx_it.o
                0x00000000080043dc                TIM1_TRG_COM_TIM11_IRQHandler
 .text.EXTI15_10_IRQHandler
                0x00000000080043f8       0x88 ./Core/Src/stm32f4xx_it.o
                0x00000000080043f8                EXTI15_10_IRQHandler
 .text.TIM7_IRQHandler
                0x0000000008004480        0xc ./Core/Src/stm32f4xx_it.o
                0x0000000008004480                TIM7_IRQHandler
 .text.DMA2_Stream0_IRQHandler
                0x000000000800448c        0xc ./Core/Src/stm32f4xx_it.o
                0x000000000800448c                DMA2_Stream0_IRQHandler
 .text.DMA2_Stream1_IRQHandler
                0x0000000008004498        0xc ./Core/Src/stm32f4xx_it.o
                0x0000000008004498                DMA2_Stream1_IRQHandler
 .text.DMA2_Stream2_IRQHandler
                0x00000000080044a4        0xc ./Core/Src/stm32f4xx_it.o
                0x00000000080044a4                DMA2_Stream2_IRQHandler
 .text._read    0x00000000080044b0       0x1c ./Core/Src/syscalls.o
                0x00000000080044b0                _read
 .text._write   0x00000000080044cc       0x1c ./Core/Src/syscalls.o
                0x00000000080044cc                _write
 .text._close   0x00000000080044e8        0x6 ./Core/Src/syscalls.o
                0x00000000080044e8                _close
 .text._fstat   0x00000000080044ee        0xa ./Core/Src/syscalls.o
                0x00000000080044ee                _fstat
 .text._isatty  0x00000000080044f8        0x4 ./Core/Src/syscalls.o
                0x00000000080044f8                _isatty
 .text._lseek   0x00000000080044fc        0x4 ./Core/Src/syscalls.o
                0x00000000080044fc                _lseek
 .text._sbrk    0x0000000008004500       0x40 ./Core/Src/sysmem.o
                0x0000000008004500                _sbrk
 .text.SystemInit
                0x0000000008004540       0x1c ./Core/Src/system_stm32f4xx.o
                0x0000000008004540                SystemInit
 .text.Reset_Handler
                0x000000000800455c       0x50 ./Core/Startup/startup_stm32f407vetx.o
                0x000000000800455c                Reset_Handler
 .text.Default_Handler
                0x00000000080045ac        0x2 ./Core/Startup/startup_stm32f407vetx.o
                0x00000000080045ac                RTC_Alarm_IRQHandler
                0x00000000080045ac                HASH_RNG_IRQHandler
                0x00000000080045ac                EXTI2_IRQHandler
                0x00000000080045ac                TIM8_CC_IRQHandler
                0x00000000080045ac                TIM1_CC_IRQHandler
                0x00000000080045ac                DMA2_Stream5_IRQHandler
                0x00000000080045ac                DMA1_Stream5_IRQHandler
                0x00000000080045ac                PVD_IRQHandler
                0x00000000080045ac                SDIO_IRQHandler
                0x00000000080045ac                TAMP_STAMP_IRQHandler
                0x00000000080045ac                CAN2_RX1_IRQHandler
                0x00000000080045ac                EXTI3_IRQHandler
                0x00000000080045ac                TIM8_TRG_COM_TIM14_IRQHandler
                0x00000000080045ac                TIM1_UP_TIM10_IRQHandler
                0x00000000080045ac                TIM8_UP_TIM13_IRQHandler
                0x00000000080045ac                I2C3_ER_IRQHandler
                0x00000000080045ac                EXTI0_IRQHandler
                0x00000000080045ac                I2C2_EV_IRQHandler
                0x00000000080045ac                DMA1_Stream2_IRQHandler
                0x00000000080045ac                CAN1_RX0_IRQHandler
                0x00000000080045ac                FPU_IRQHandler
                0x00000000080045ac                OTG_HS_WKUP_IRQHandler
                0x00000000080045ac                CAN2_SCE_IRQHandler
                0x00000000080045ac                SPI1_IRQHandler
                0x00000000080045ac                TIM6_DAC_IRQHandler
                0x00000000080045ac                TIM1_BRK_TIM9_IRQHandler
                0x00000000080045ac                DCMI_IRQHandler
                0x00000000080045ac                CAN2_RX0_IRQHandler
                0x00000000080045ac                DMA2_Stream3_IRQHandler
                0x00000000080045ac                USART6_IRQHandler
                0x00000000080045ac                USART3_IRQHandler
                0x00000000080045ac                CAN1_RX1_IRQHandler
                0x00000000080045ac                UART5_IRQHandler
                0x00000000080045ac                TIM4_IRQHandler
                0x00000000080045ac                I2C1_EV_IRQHandler
                0x00000000080045ac                DMA1_Stream6_IRQHandler
                0x00000000080045ac                DMA1_Stream1_IRQHandler
                0x00000000080045ac                UART4_IRQHandler
                0x00000000080045ac                TIM3_IRQHandler
                0x00000000080045ac                RCC_IRQHandler
                0x00000000080045ac                TIM8_BRK_TIM12_IRQHandler
                0x00000000080045ac                Default_Handler
                0x00000000080045ac                ADC_IRQHandler
                0x00000000080045ac                DMA1_Stream7_IRQHandler
                0x00000000080045ac                CAN2_TX_IRQHandler
                0x00000000080045ac                TIM5_IRQHandler
                0x00000000080045ac                DMA2_Stream7_IRQHandler
                0x00000000080045ac                I2C3_EV_IRQHandler
                0x00000000080045ac                RTC_WKUP_IRQHandler
                0x00000000080045ac                ETH_WKUP_IRQHandler
                0x00000000080045ac                SPI2_IRQHandler
                0x00000000080045ac                OTG_HS_EP1_IN_IRQHandler
                0x00000000080045ac                DMA1_Stream0_IRQHandler
                0x00000000080045ac                CAN1_TX_IRQHandler
                0x00000000080045ac                FSMC_IRQHandler
                0x00000000080045ac                ETH_IRQHandler
                0x00000000080045ac                OTG_HS_EP1_OUT_IRQHandler
                0x00000000080045ac                WWDG_IRQHandler
                0x00000000080045ac                TIM2_IRQHandler
                0x00000000080045ac                OTG_FS_WKUP_IRQHandler
                0x00000000080045ac                OTG_HS_IRQHandler
                0x00000000080045ac                EXTI1_IRQHandler
                0x00000000080045ac                USART2_IRQHandler
                0x00000000080045ac                I2C2_ER_IRQHandler
                0x00000000080045ac                CAN1_SCE_IRQHandler
                0x00000000080045ac                FLASH_IRQHandler
                0x00000000080045ac                DMA2_Stream4_IRQHandler
                0x00000000080045ac                USART1_IRQHandler
                0x00000000080045ac                OTG_FS_IRQHandler
                0x00000000080045ac                SPI3_IRQHandler
                0x00000000080045ac                DMA1_Stream4_IRQHandler
                0x00000000080045ac                I2C1_ER_IRQHandler
                0x00000000080045ac                DMA2_Stream6_IRQHandler
                0x00000000080045ac                DMA1_Stream3_IRQHandler
 *fill*         0x00000000080045ae        0x2 
 .text.HAL_InitTick
                0x00000000080045b0       0x48 ./Drivers/STM32F4xx_HAL_Driver/Src/stm32f4xx_hal.o
                0x00000000080045b0                HAL_InitTick
 .text.HAL_Init
                0x00000000080045f8       0x34 ./Drivers/STM32F4xx_HAL_Driver/Src/stm32f4xx_hal.o
                0x00000000080045f8                HAL_Init
 .text.HAL_IncTick
                0x000000000800462c       0x18 ./Drivers/STM32F4xx_HAL_Driver/Src/stm32f4xx_hal.o
                0x000000000800462c                HAL_IncTick
 .text.HAL_GetTick
                0x0000000008004644        0xc ./Drivers/STM32F4xx_HAL_Driver/Src/stm32f4xx_hal.o
                0x0000000008004644                HAL_GetTick
 .text.HAL_Delay
                0x0000000008004650       0x28 ./Drivers/STM32F4xx_HAL_Driver/Src/stm32f4xx_hal.o
                0x0000000008004650                HAL_Delay
 .text.HAL_ADC_Init
                0x0000000008004678      0x14c ./Drivers/STM32F4xx_HAL_Driver/Src/stm32f4xx_hal_adc.o
                0x0000000008004678                HAL_ADC_Init
 .text.HAL_ADC_Start_DMA
                0x00000000080047c4      0x154 ./Drivers/STM32F4xx_HAL_Driver/Src/stm32f4xx_hal_adc.o
                0x00000000080047c4                HAL_ADC_Start_DMA
 .text.HAL_ADC_ConvHalfCpltCallback
                0x0000000008004918        0x2 ./Drivers/STM32F4xx_HAL_Driver/Src/stm32f4xx_hal_adc.o
                0x0000000008004918                HAL_ADC_ConvHalfCpltCallback
 .text.ADC_DMAHalfConvCplt
                0x000000000800491a        0xa ./Drivers/STM32F4xx_HAL_Driver/Src/stm32f4xx_hal_adc.o
 .text.HAL_ADC_ErrorCallback
                0x0000000008004924        0x2 ./Drivers/STM32F4xx_HAL_Driver/Src/stm32f4xx_hal_adc.o
                0x0000000008004924                HAL_ADC_ErrorCallback
 .text.ADC_DMAError
                0x0000000008004926       0x16 ./Drivers/STM32F4xx_HAL_Driver/Src/stm32f4xx_hal_adc.o
 .text.ADC_DMAConvCplt
                0x000000000800493c       0x6c ./Drivers/STM32F4xx_HAL_Driver/Src/stm32f4xx_hal_adc.o
 .text.HAL_ADC_ConfigChannel
                0x00000000080049a8      0x124 ./Drivers/STM32F4xx_HAL_Driver/Src/stm32f4xx_hal_adc.o
                0x00000000080049a8                HAL_ADC_ConfigChannel
 .text.HAL_NVIC_SetPriorityGrouping
                0x0000000008004acc       0x24 ./Drivers/STM32F4xx_HAL_Driver/Src/stm32f4xx_hal_cortex.o
                0x0000000008004acc                HAL_NVIC_SetPriorityGrouping
 .text.HAL_NVIC_SetPriority
                0x0000000008004af0       0x64 ./Drivers/STM32F4xx_HAL_Driver/Src/stm32f4xx_hal_cortex.o
                0x0000000008004af0                HAL_NVIC_SetPriority
 .text.HAL_NVIC_EnableIRQ
                0x0000000008004b54       0x18 ./Drivers/STM32F4xx_HAL_Driver/Src/stm32f4xx_hal_cortex.o
                0x0000000008004b54                HAL_NVIC_EnableIRQ
 .text.HAL_SYSTICK_Config
                0x0000000008004b6c       0x28 ./Drivers/STM32F4xx_HAL_Driver/Src/stm32f4xx_hal_cortex.o
                0x0000000008004b6c                HAL_SYSTICK_Config
 .text.HAL_DCMI_Init
                0x0000000008004b94       0x74 ./Drivers/STM32F4xx_HAL_Driver/Src/stm32f4xx_hal_dcmi_ex.o
                0x0000000008004b94                HAL_DCMI_Init
 .text.DMA_CalcBaseAndBitshift
                0x0000000008004c08       0x2c ./Drivers/STM32F4xx_HAL_Driver/Src/stm32f4xx_hal_dma.o
 .text.HAL_DMA_Init
                0x0000000008004c34      0x100 ./Drivers/STM32F4xx_HAL_Driver/Src/stm32f4xx_hal_dma.o
                0x0000000008004c34                HAL_DMA_Init
 .text.HAL_DMA_Start_IT
                0x0000000008004d34       0x74 ./Drivers/STM32F4xx_HAL_Driver/Src/stm32f4xx_hal_dma.o
                0x0000000008004d34                HAL_DMA_Start_IT
 .text.HAL_DMA_IRQHandler
                0x0000000008004da8      0x17c ./Drivers/STM32F4xx_HAL_Driver/Src/stm32f4xx_hal_dma.o
                0x0000000008004da8                HAL_DMA_IRQHandler
 .text.HAL_GPIO_Init
                0x0000000008004f24      0x1b4 ./Drivers/STM32F4xx_HAL_Driver/Src/stm32f4xx_hal_gpio.o
                0x0000000008004f24                HAL_GPIO_Init
 .text.HAL_GPIO_ReadPin
                0x00000000080050d8        0xc ./Drivers/STM32F4xx_HAL_Driver/Src/stm32f4xx_hal_gpio.o
                0x00000000080050d8                HAL_GPIO_ReadPin
 .text.HAL_GPIO_WritePin
                0x00000000080050e4        0xa ./Drivers/STM32F4xx_HAL_Driver/Src/stm32f4xx_hal_gpio.o
                0x00000000080050e4                HAL_GPIO_WritePin
 .text.HAL_GPIO_EXTI_Callback
                0x00000000080050ee        0x2 ./Drivers/STM32F4xx_HAL_Driver/Src/stm32f4xx_hal_gpio.o
                0x00000000080050ee                HAL_GPIO_EXTI_Callback
 .text.HAL_GPIO_EXTI_IRQHandler
                0x00000000080050f0       0x18 ./Drivers/STM32F4xx_HAL_Driver/Src/stm32f4xx_hal_gpio.o
                0x00000000080050f0                HAL_GPIO_EXTI_IRQHandler
 .text.I2C_IsAcknowledgeFailed
                0x0000000008005108       0x34 ./Drivers/STM32F4xx_HAL_Driver/Src/stm32f4xx_hal_i2c.o
 .text.I2C_WaitOnFlagUntilTimeout
                0x000000000800513c       0x64 ./Drivers/STM32F4xx_HAL_Driver/Src/stm32f4xx_hal_i2c.o
 .text.I2C_WaitOnMasterAddressFlagUntilTimeout
                0x00000000080051a0       0x76 ./Drivers/STM32F4xx_HAL_Driver/Src/stm32f4xx_hal_i2c.o
 .text.I2C_WaitOnRXNEFlagUntilTimeout
                0x0000000008005216       0x5e ./Drivers/STM32F4xx_HAL_Driver/Src/stm32f4xx_hal_i2c.o
 .text.I2C_WaitOnBTFFlagUntilTimeout
                0x0000000008005274       0x4c ./Drivers/STM32F4xx_HAL_Driver/Src/stm32f4xx_hal_i2c.o
 .text.I2C_WaitOnTXEFlagUntilTimeout
                0x00000000080052c0       0x4c ./Drivers/STM32F4xx_HAL_Driver/Src/stm32f4xx_hal_i2c.o
 .text.I2C_RequestMemoryWrite
                0x000000000800530c       0xb0 ./Drivers/STM32F4xx_HAL_Driver/Src/stm32f4xx_hal_i2c.o
 .text.I2C_RequestMemoryRead
                0x00000000080053bc      0x104 ./Drivers/STM32F4xx_HAL_Driver/Src/stm32f4xx_hal_i2c.o
 .text.HAL_I2C_Init
                0x00000000080054c0      0x150 ./Drivers/STM32F4xx_HAL_Driver/Src/stm32f4xx_hal_i2c.o
                0x00000000080054c0                HAL_I2C_Init
 .text.HAL_I2C_Master_Transmit
                0x0000000008005610      0x1b0 ./Drivers/STM32F4xx_HAL_Driver/Src/stm32f4xx_hal_i2c.o
                0x0000000008005610                HAL_I2C_Master_Transmit
 .text.HAL_I2C_Mem_Write
                0x00000000080057c0      0x120 ./Drivers/STM32F4xx_HAL_Driver/Src/stm32f4xx_hal_i2c.o
                0x00000000080057c0                HAL_I2C_Mem_Write
 .text.HAL_I2C_Mem_Read
                0x00000000080058e0      0x210 ./Drivers/STM32F4xx_HAL_Driver/Src/stm32f4xx_hal_i2c.o
                0x00000000080058e0                HAL_I2C_Mem_Read
 .text.HAL_RCC_OscConfig
                0x0000000008005af0      0x360 ./Drivers/STM32F4xx_HAL_Driver/Src/stm32f4xx_hal_rcc.o
                0x0000000008005af0                HAL_RCC_OscConfig
 .text.HAL_RCC_GetSysClockFreq
                0x0000000008005e50       0x5c ./Drivers/STM32F4xx_HAL_Driver/Src/stm32f4xx_hal_rcc.o
                0x0000000008005e50                HAL_RCC_GetSysClockFreq
 .text.HAL_RCC_ClockConfig
                0x0000000008005eac      0x138 ./Drivers/STM32F4xx_HAL_Driver/Src/stm32f4xx_hal_rcc.o
                0x0000000008005eac                HAL_RCC_ClockConfig
 .text.HAL_RCC_GetPCLK1Freq
                0x0000000008005fe4       0x20 ./Drivers/STM32F4xx_HAL_Driver/Src/stm32f4xx_hal_rcc.o
                0x0000000008005fe4                HAL_RCC_GetPCLK1Freq
 .text.HAL_RCC_GetPCLK2Freq
                0x0000000008006004       0x20 ./Drivers/STM32F4xx_HAL_Driver/Src/stm32f4xx_hal_rcc.o
                0x0000000008006004                HAL_RCC_GetPCLK2Freq
 .text.SD_FindSCR
                0x0000000008006024       0xcc ./Drivers/STM32F4xx_HAL_Driver/Src/stm32f4xx_hal_sd.o
 .text.HAL_SD_ReadBlocks
                0x00000000080060f0      0x208 ./Drivers/STM32F4xx_HAL_Driver/Src/stm32f4xx_hal_sd.o
                0x00000000080060f0                HAL_SD_ReadBlocks
 .text.HAL_SD_WriteBlocks
                0x00000000080062f8      0x1a0 ./Drivers/STM32F4xx_HAL_Driver/Src/stm32f4xx_hal_sd.o
                0x00000000080062f8                HAL_SD_WriteBlocks
 .text.HAL_SD_GetCardCSD
                0x0000000008006498      0x16c ./Drivers/STM32F4xx_HAL_Driver/Src/stm32f4xx_hal_sd.o
                0x0000000008006498                HAL_SD_GetCardCSD
 .text.HAL_SD_InitCard
                0x0000000008006604      0x204 ./Drivers/STM32F4xx_HAL_Driver/Src/stm32f4xx_hal_sd.o
                0x0000000008006604                HAL_SD_InitCard
 .text.HAL_SD_Init
                0x0000000008006808       0x36 ./Drivers/STM32F4xx_HAL_Driver/Src/stm32f4xx_hal_sd.o
                0x0000000008006808                HAL_SD_Init
 .text.HAL_SD_GetCardInfo
                0x000000000800683e       0x24 ./Drivers/STM32F4xx_HAL_Driver/Src/stm32f4xx_hal_sd.o
                0x000000000800683e                HAL_SD_GetCardInfo
 *fill*         0x0000000008006862        0x2 
 .text.HAL_SD_ConfigWideBusOperation
                0x0000000008006864      0x114 ./Drivers/STM32F4xx_HAL_Driver/Src/stm32f4xx_hal_sd.o
                0x0000000008006864                HAL_SD_ConfigWideBusOperation
 .text.HAL_SD_GetCardState
                0x0000000008006978       0x28 ./Drivers/STM32F4xx_HAL_Driver/Src/stm32f4xx_hal_sd.o
                0x0000000008006978                HAL_SD_GetCardState
 .text.TIM_OC1_SetConfig
                0x00000000080069a0       0x64 ./Drivers/STM32F4xx_HAL_Driver/Src/stm32f4xx_hal_tim.o
 .text.TIM_OC3_SetConfig
                0x0000000008006a04       0x6c ./Drivers/STM32F4xx_HAL_Driver/Src/stm32f4xx_hal_tim.o
 .text.TIM_OC4_SetConfig
                0x0000000008006a70       0x4c ./Drivers/STM32F4xx_HAL_Driver/Src/stm32f4xx_hal_tim.o
 .text.HAL_TIM_Base_Start_IT
                0x0000000008006abc       0x74 ./Drivers/STM32F4xx_HAL_Driver/Src/stm32f4xx_hal_tim.o
                0x0000000008006abc                HAL_TIM_Base_Start_IT
 .text.HAL_TIM_Base_Stop_IT
                0x0000000008006b30       0x30 ./Drivers/STM32F4xx_HAL_Driver/Src/stm32f4xx_hal_tim.o
                0x0000000008006b30                HAL_TIM_Base_Stop_IT
 .text.HAL_TIM_OC_DelayElapsedCallback
                0x0000000008006b60        0x2 ./Drivers/STM32F4xx_HAL_Driver/Src/stm32f4xx_hal_tim.o
                0x0000000008006b60                HAL_TIM_OC_DelayElapsedCallback
 .text.HAL_TIM_IC_CaptureCallback
                0x0000000008006b62        0x2 ./Drivers/STM32F4xx_HAL_Driver/Src/stm32f4xx_hal_tim.o
                0x0000000008006b62                HAL_TIM_IC_CaptureCallback
 .text.HAL_TIM_PWM_PulseFinishedCallback
                0x0000000008006b64        0x2 ./Drivers/STM32F4xx_HAL_Driver/Src/stm32f4xx_hal_tim.o
                0x0000000008006b64                HAL_TIM_PWM_PulseFinishedCallback
 .text.HAL_TIM_TriggerCallback
                0x0000000008006b66        0x2 ./Drivers/STM32F4xx_HAL_Driver/Src/stm32f4xx_hal_tim.o
                0x0000000008006b66                HAL_TIM_TriggerCallback
 .text.HAL_TIM_IRQHandler
                0x0000000008006b68      0x144 ./Drivers/STM32F4xx_HAL_Driver/Src/stm32f4xx_hal_tim.o
                0x0000000008006b68                HAL_TIM_IRQHandler
 .text.TIM_Base_SetConfig
                0x0000000008006cac       0xcc ./Drivers/STM32F4xx_HAL_Driver/Src/stm32f4xx_hal_tim.o
                0x0000000008006cac                TIM_Base_SetConfig
 .text.HAL_TIM_Base_Init
                0x0000000008006d78       0x58 ./Drivers/STM32F4xx_HAL_Driver/Src/stm32f4xx_hal_tim.o
                0x0000000008006d78                HAL_TIM_Base_Init
 .text.HAL_TIM_PWM_Init
                0x0000000008006dd0       0x58 ./Drivers/STM32F4xx_HAL_Driver/Src/stm32f4xx_hal_tim.o
                0x0000000008006dd0                HAL_TIM_PWM_Init
 .text.TIM_OC2_SetConfig
                0x0000000008006e28       0x6c ./Drivers/STM32F4xx_HAL_Driver/Src/stm32f4xx_hal_tim.o
                0x0000000008006e28                TIM_OC2_SetConfig
 .text.HAL_TIM_PWM_ConfigChannel
                0x0000000008006e94       0xb8 ./Drivers/STM32F4xx_HAL_Driver/Src/stm32f4xx_hal_tim.o
                0x0000000008006e94                HAL_TIM_PWM_ConfigChannel
 .text.TIM_ETR_SetConfig
                0x0000000008006f4c       0x14 ./Drivers/STM32F4xx_HAL_Driver/Src/stm32f4xx_hal_tim.o
                0x0000000008006f4c                TIM_ETR_SetConfig
 .text.HAL_TIM_ConfigClockSource
                0x0000000008006f60      0x138 ./Drivers/STM32F4xx_HAL_Driver/Src/stm32f4xx_hal_tim.o
                0x0000000008006f60                HAL_TIM_ConfigClockSource
 .text.TIM_CCxChannelCmd
                0x0000000008007098       0x1c ./Drivers/STM32F4xx_HAL_Driver/Src/stm32f4xx_hal_tim.o
                0x0000000008007098                TIM_CCxChannelCmd
 .text.HAL_TIM_OC_Start
                0x00000000080070b4       0xd0 ./Drivers/STM32F4xx_HAL_Driver/Src/stm32f4xx_hal_tim.o
                0x00000000080070b4                HAL_TIM_OC_Start
 .text.HAL_TIM_PWM_Start
                0x0000000008007184        0x4 ./Drivers/STM32F4xx_HAL_Driver/Src/stm32f4xx_hal_tim.o
                0x0000000008007184                HAL_TIM_PWM_Start
 .text.HAL_TIMEx_MasterConfigSynchronization
                0x0000000008007188       0x7c ./Drivers/STM32F4xx_HAL_Driver/Src/stm32f4xx_hal_tim_ex.o
                0x0000000008007188                HAL_TIMEx_MasterConfigSynchronization
 .text.HAL_TIMEx_ConfigBreakDeadTime
                0x0000000008007204       0x4c ./Drivers/STM32F4xx_HAL_Driver/Src/stm32f4xx_hal_tim_ex.o
                0x0000000008007204                HAL_TIMEx_ConfigBreakDeadTime
 .text.HAL_TIMEx_CommutCallback
                0x0000000008007250        0x2 ./Drivers/STM32F4xx_HAL_Driver/Src/stm32f4xx_hal_tim_ex.o
                0x0000000008007250                HAL_TIMEx_CommutCallback
 .text.HAL_TIMEx_BreakCallback
                0x0000000008007252        0x2 ./Drivers/STM32F4xx_HAL_Driver/Src/stm32f4xx_hal_tim_ex.o
                0x0000000008007252                HAL_TIMEx_BreakCallback
 .text.UART_SetConfig
                0x0000000008007254       0xbc ./Drivers/STM32F4xx_HAL_Driver/Src/stm32f4xx_hal_uart.o
 .text.HAL_UART_Init
                0x0000000008007310       0x5c ./Drivers/STM32F4xx_HAL_Driver/Src/stm32f4xx_hal_uart.o
                0x0000000008007310                HAL_UART_Init
 .text.SDIO_Init
                0x000000000800736c       0x38 ./Drivers/STM32F4xx_HAL_Driver/Src/stm32f4xx_ll_sdmmc.o
                0x000000000800736c                SDIO_Init
 .text.SDIO_ReadFIFO
                0x00000000080073a4        0x6 ./Drivers/STM32F4xx_HAL_Driver/Src/stm32f4xx_ll_sdmmc.o
                0x00000000080073a4                SDIO_ReadFIFO
 .text.SDIO_WriteFIFO
                0x00000000080073aa        0xa ./Drivers/STM32F4xx_HAL_Driver/Src/stm32f4xx_ll_sdmmc.o
                0x00000000080073aa                SDIO_WriteFIFO
 .text.SDIO_PowerState_ON
                0x00000000080073b4        0x8 ./Drivers/STM32F4xx_HAL_Driver/Src/stm32f4xx_ll_sdmmc.o
                0x00000000080073b4                SDIO_PowerState_ON
 .text.SDIO_GetPowerState
                0x00000000080073bc        0x8 ./Drivers/STM32F4xx_HAL_Driver/Src/stm32f4xx_ll_sdmmc.o
                0x00000000080073bc                SDIO_GetPowerState
 .text.SDIO_SendCommand
                0x00000000080073c4       0x26 ./Drivers/STM32F4xx_HAL_Driver/Src/stm32f4xx_ll_sdmmc.o
                0x00000000080073c4                SDIO_SendCommand
 .text.SDIO_GetResponse
                0x00000000080073ea        0x6 ./Drivers/STM32F4xx_HAL_Driver/Src/stm32f4xx_ll_sdmmc.o
                0x00000000080073ea                SDIO_GetResponse
 .text.SDIO_ConfigData
                0x00000000080073f0       0x26 ./Drivers/STM32F4xx_HAL_Driver/Src/stm32f4xx_ll_sdmmc.o
                0x00000000080073f0                SDIO_ConfigData
 *fill*         0x0000000008007416        0x2 
 .text.SDMMC_CmdGoIdleState
                0x0000000008007418       0x4c ./Drivers/STM32F4xx_HAL_Driver/Src/stm32f4xx_ll_sdmmc.o
                0x0000000008007418                SDMMC_CmdGoIdleState
 .text.SDMMC_GetCmdResp1
                0x0000000008007464      0x120 ./Drivers/STM32F4xx_HAL_Driver/Src/stm32f4xx_ll_sdmmc.o
                0x0000000008007464                SDMMC_GetCmdResp1
 .text.SDMMC_CmdBlockLength
                0x0000000008007584       0x30 ./Drivers/STM32F4xx_HAL_Driver/Src/stm32f4xx_ll_sdmmc.o
                0x0000000008007584                SDMMC_CmdBlockLength
 .text.SDMMC_CmdReadSingleBlock
                0x00000000080075b4       0x30 ./Drivers/STM32F4xx_HAL_Driver/Src/stm32f4xx_ll_sdmmc.o
                0x00000000080075b4                SDMMC_CmdReadSingleBlock
 .text.SDMMC_CmdReadMultiBlock
                0x00000000080075e4       0x30 ./Drivers/STM32F4xx_HAL_Driver/Src/stm32f4xx_ll_sdmmc.o
                0x00000000080075e4                SDMMC_CmdReadMultiBlock
 .text.SDMMC_CmdWriteSingleBlock
                0x0000000008007614       0x30 ./Drivers/STM32F4xx_HAL_Driver/Src/stm32f4xx_ll_sdmmc.o
                0x0000000008007614                SDMMC_CmdWriteSingleBlock
 .text.SDMMC_CmdWriteMultiBlock
                0x0000000008007644       0x30 ./Drivers/STM32F4xx_HAL_Driver/Src/stm32f4xx_ll_sdmmc.o
                0x0000000008007644                SDMMC_CmdWriteMultiBlock
 .text.SDMMC_CmdStopTransfer
                0x0000000008007674       0x34 ./Drivers/STM32F4xx_HAL_Driver/Src/stm32f4xx_ll_sdmmc.o
                0x0000000008007674                SDMMC_CmdStopTransfer
 .text.SDMMC_CmdSelDesel
                0x00000000080076a8       0x30 ./Drivers/STM32F4xx_HAL_Driver/Src/stm32f4xx_ll_sdmmc.o
                0x00000000080076a8                SDMMC_CmdSelDesel
 .text.SDMMC_CmdAppCommand
                0x00000000080076d8       0x30 ./Drivers/STM32F4xx_HAL_Driver/Src/stm32f4xx_ll_sdmmc.o
                0x00000000080076d8                SDMMC_CmdAppCommand
 .text.SDMMC_CmdBusWidth
                0x0000000008007708       0x30 ./Drivers/STM32F4xx_HAL_Driver/Src/stm32f4xx_ll_sdmmc.o
                0x0000000008007708                SDMMC_CmdBusWidth
 .text.SDMMC_CmdSendSCR
                0x0000000008007738       0x30 ./Drivers/STM32F4xx_HAL_Driver/Src/stm32f4xx_ll_sdmmc.o
                0x0000000008007738                SDMMC_CmdSendSCR
 .text.SDMMC_CmdSendStatus
                0x0000000008007768       0x30 ./Drivers/STM32F4xx_HAL_Driver/Src/stm32f4xx_ll_sdmmc.o
                0x0000000008007768                SDMMC_CmdSendStatus
 .text.SDMMC_GetCmdResp2
                0x0000000008007798       0x4c ./Drivers/STM32F4xx_HAL_Driver/Src/stm32f4xx_ll_sdmmc.o
                0x0000000008007798                SDMMC_GetCmdResp2
 .text.SDMMC_CmdSendCID
                0x00000000080077e4       0x2a ./Drivers/STM32F4xx_HAL_Driver/Src/stm32f4xx_ll_sdmmc.o
                0x00000000080077e4                SDMMC_CmdSendCID
 .text.SDMMC_CmdSendCSD
                0x000000000800780e       0x2a ./Drivers/STM32F4xx_HAL_Driver/Src/stm32f4xx_ll_sdmmc.o
                0x000000000800780e                SDMMC_CmdSendCSD
 .text.SDMMC_GetCmdResp3
                0x0000000008007838       0x40 ./Drivers/STM32F4xx_HAL_Driver/Src/stm32f4xx_ll_sdmmc.o
                0x0000000008007838                SDMMC_GetCmdResp3
 .text.SDMMC_CmdAppOperCommand
                0x0000000008007878       0x32 ./Drivers/STM32F4xx_HAL_Driver/Src/stm32f4xx_ll_sdmmc.o
                0x0000000008007878                SDMMC_CmdAppOperCommand
 *fill*         0x00000000080078aa        0x2 
 .text.SDMMC_GetCmdResp6
                0x00000000080078ac       0x84 ./Drivers/STM32F4xx_HAL_Driver/Src/stm32f4xx_ll_sdmmc.o
                0x00000000080078ac                SDMMC_GetCmdResp6
 .text.SDMMC_CmdSetRelAdd
                0x0000000008007930       0x30 ./Drivers/STM32F4xx_HAL_Driver/Src/stm32f4xx_ll_sdmmc.o
                0x0000000008007930                SDMMC_CmdSetRelAdd
 .text.SDMMC_GetCmdResp7
                0x0000000008007960       0x54 ./Drivers/STM32F4xx_HAL_Driver/Src/stm32f4xx_ll_sdmmc.o
                0x0000000008007960                SDMMC_GetCmdResp7
 .text.SDMMC_CmdOperCond
                0x00000000080079b4       0x2e ./Drivers/STM32F4xx_HAL_Driver/Src/stm32f4xx_ll_sdmmc.o
                0x00000000080079b4                SDMMC_CmdOperCond
 *fill*         0x00000000080079e2        0x2 
 .text.MX_FATFS_Init
                0x00000000080079e4       0x1c ./FATFS/App/fatfs.o
                0x00000000080079e4                MX_FATFS_Init
 .text.BSP_SD_ReadBlocks
                0x0000000008007a00       0x20 ./FATFS/Target/bsp_driver_sd.o
                0x0000000008007a00                BSP_SD_ReadBlocks
 .text.BSP_SD_WriteBlocks
                0x0000000008007a20       0x20 ./FATFS/Target/bsp_driver_sd.o
                0x0000000008007a20                BSP_SD_WriteBlocks
 .text.BSP_SD_GetCardState
                0x0000000008007a40       0x14 ./FATFS/Target/bsp_driver_sd.o
                0x0000000008007a40                BSP_SD_GetCardState
 .text.BSP_SD_GetCardInfo
                0x0000000008007a54        0xc ./FATFS/Target/bsp_driver_sd.o
                0x0000000008007a54                BSP_SD_GetCardInfo
 .text.BSP_SD_IsDetected
                0x0000000008007a60       0x1c ./FATFS/Target/bsp_driver_sd.o
                0x0000000008007a60                BSP_SD_IsDetected
 .text.BSP_SD_Init
                0x0000000008007a7c       0x2c ./FATFS/Target/bsp_driver_sd.o
                0x0000000008007a7c                BSP_SD_Init
 .text.BSP_PlatformIsDetected
                0x0000000008007aa8       0x18 ./FATFS/Target/fatfs_platform.o
                0x0000000008007aa8                BSP_PlatformIsDetected
 .text.SD_ioctl
                0x0000000008007ac0       0x54 ./FATFS/Target/sd_diskio.o
                0x0000000008007ac0                SD_ioctl
 .text.SD_read  0x0000000008007b14       0x20 ./FATFS/Target/sd_diskio.o
                0x0000000008007b14                SD_read
 .text.SD_status
                0x0000000008007b34       0x20 ./FATFS/Target/sd_diskio.o
                0x0000000008007b34                SD_status
 .text.SD_write
                0x0000000008007b54       0x20 ./FATFS/Target/sd_diskio.o
                0x0000000008007b54                SD_write
 .text.SD_initialize
                0x0000000008007b74       0x2c ./FATFS/Target/sd_diskio.o
                0x0000000008007b74                SD_initialize
 .text.MX_LIBJPEG_Init
                0x0000000008007ba0        0x2 ./LIBJPEG/App/libjpeg.o
                0x0000000008007ba0                MX_LIBJPEG_Init
 *fill*         0x0000000008007ba2        0x2 
 .text.FATFS_LinkDriverEx
                0x0000000008007ba4       0x40 ./Middlewares/Third_Party/FatFs/src/ff_gen_drv.o
                0x0000000008007ba4                FATFS_LinkDriverEx
 .text.FATFS_LinkDriver
                0x0000000008007be4        0x6 ./Middlewares/Third_Party/FatFs/src/ff_gen_drv.o
                0x0000000008007be4                FATFS_LinkDriver
 *fill*         0x0000000008007bea        0x2 
 .text.arm_pid_init_f32
                0x0000000008007bec       0x4c /home/wissam/STM32CubeIDE/workspace_1.10.1/RoDog/libs/libarm_cortexM4lf_math.a(arm_pid_init_f32.o)
                0x0000000008007bec                arm_pid_init_f32
 .text.arm_mat_sub_f32
                0x0000000008007c38       0xb8 /home/wissam/STM32CubeIDE/workspace_1.10.1/RoDog/libs/libarm_cortexM4lf_math.a(arm_mat_sub_f32.o)
                0x0000000008007c38                arm_mat_sub_f32
 .text.arm_mat_mult_f32
                0x0000000008007cf0      0x148 /home/wissam/STM32CubeIDE/workspace_1.10.1/RoDog/libs/libarm_cortexM4lf_math.a(arm_mat_mult_f32.o)
                0x0000000008007cf0                arm_mat_mult_f32
 .text.arm_mat_inverse_f32
                0x0000000008007e38      0x27c /home/wissam/STM32CubeIDE/workspace_1.10.1/RoDog/libs/libarm_cortexM4lf_math.a(arm_mat_inverse_f32.o)
                0x0000000008007e38                arm_mat_inverse_f32
 .text.arm_mat_init_f32
                0x00000000080080b4        0x8 /home/wissam/STM32CubeIDE/workspace_1.10.1/RoDog/libs/libarm_cortexM4lf_math.a(arm_mat_init_f32.o)
                0x00000000080080b4                arm_mat_init_f32
 .text.arm_mat_add_f32
                0x00000000080080bc       0xb8 /home/wissam/STM32CubeIDE/workspace_1.10.1/RoDog/libs/libarm_cortexM4lf_math.a(arm_mat_add_f32.o)
                0x00000000080080bc                arm_mat_add_f32
 .text.__errno  0x0000000008008174        0xc /home/wissam/st/stm32cubeide_1.10.1/plugins/com.st.stm32cube.ide.mcu.externaltools.gnu-tools-for-stm32.10.3-2021.10.linux64_1.0.0.202111181127/tools/bin/../lib/gcc/arm-none-eabi/10.3.1/../../../../arm-none-eabi/lib/thumb/v7e-m+fp/hard/libc_nano.a(lib_a-errno.o)
                0x0000000008008174                __errno
 .text.__libc_init_array
                0x0000000008008180       0x48 /home/wissam/st/stm32cubeide_1.10.1/plugins/com.st.stm32cube.ide.mcu.externaltools.gnu-tools-for-stm32.10.3-2021.10.linux64_1.0.0.202111181127/tools/bin/../lib/gcc/arm-none-eabi/10.3.1/../../../../arm-none-eabi/lib/thumb/v7e-m+fp/hard/libc_nano.a(lib_a-init.o)
                0x0000000008008180                __libc_init_array
 .text.__retarget_lock_init_recursive
                0x00000000080081c8        0x2 /home/wissam/st/stm32cubeide_1.10.1/plugins/com.st.stm32cube.ide.mcu.externaltools.gnu-tools-for-stm32.10.3-2021.10.linux64_1.0.0.202111181127/tools/bin/../lib/gcc/arm-none-eabi/10.3.1/../../../../arm-none-eabi/lib/thumb/v7e-m+fp/hard/libc_nano.a(lib_a-lock.o)
                0x00000000080081c8                __retarget_lock_init_recursive
 .text.__retarget_lock_acquire_recursive
                0x00000000080081ca        0x2 /home/wissam/st/stm32cubeide_1.10.1/plugins/com.st.stm32cube.ide.mcu.externaltools.gnu-tools-for-stm32.10.3-2021.10.linux64_1.0.0.202111181127/tools/bin/../lib/gcc/arm-none-eabi/10.3.1/../../../../arm-none-eabi/lib/thumb/v7e-m+fp/hard/libc_nano.a(lib_a-lock.o)
                0x00000000080081ca                __retarget_lock_acquire_recursive
 .text.__retarget_lock_release_recursive
                0x00000000080081cc        0x2 /home/wissam/st/stm32cubeide_1.10.1/plugins/com.st.stm32cube.ide.mcu.externaltools.gnu-tools-for-stm32.10.3-2021.10.linux64_1.0.0.202111181127/tools/bin/../lib/gcc/arm-none-eabi/10.3.1/../../../../arm-none-eabi/lib/thumb/v7e-m+fp/hard/libc_nano.a(lib_a-lock.o)
                0x00000000080081cc                __retarget_lock_release_recursive
 .text.memset   0x00000000080081ce       0x10 /home/wissam/st/stm32cubeide_1.10.1/plugins/com.st.stm32cube.ide.mcu.externaltools.gnu-tools-for-stm32.10.3-2021.10.linux64_1.0.0.202111181127/tools/bin/../lib/gcc/arm-none-eabi/10.3.1/../../../../arm-none-eabi/lib/thumb/v7e-m+fp/hard/libc_nano.a(lib_a-memset.o)
                0x00000000080081ce                memset
 *fill*         0x00000000080081de        0x2 
 .text._free_r  0x00000000080081e0       0x98 /home/wissam/st/stm32cubeide_1.10.1/plugins/com.st.stm32cube.ide.mcu.externaltools.gnu-tools-for-stm32.10.3-2021.10.linux64_1.0.0.202111181127/tools/bin/../lib/gcc/arm-none-eabi/10.3.1/../../../../arm-none-eabi/lib/thumb/v7e-m+fp/hard/libc_nano.a(lib_a-nano-freer.o)
                0x00000000080081e0                _free_r
 .text.sbrk_aligned
                0x0000000008008278       0x40 /home/wissam/st/stm32cubeide_1.10.1/plugins/com.st.stm32cube.ide.mcu.externaltools.gnu-tools-for-stm32.10.3-2021.10.linux64_1.0.0.202111181127/tools/bin/../lib/gcc/arm-none-eabi/10.3.1/../../../../arm-none-eabi/lib/thumb/v7e-m+fp/hard/libc_nano.a(lib_a-nano-mallocr.o)
 .text._malloc_r
                0x00000000080082b8       0xe8 /home/wissam/st/stm32cubeide_1.10.1/plugins/com.st.stm32cube.ide.mcu.externaltools.gnu-tools-for-stm32.10.3-2021.10.linux64_1.0.0.202111181127/tools/bin/../lib/gcc/arm-none-eabi/10.3.1/../../../../arm-none-eabi/lib/thumb/v7e-m+fp/hard/libc_nano.a(lib_a-nano-mallocr.o)
                0x00000000080082b8                _malloc_r
 .text.printf   0x00000000080083a0       0x30 /home/wissam/st/stm32cubeide_1.10.1/plugins/com.st.stm32cube.ide.mcu.externaltools.gnu-tools-for-stm32.10.3-2021.10.linux64_1.0.0.202111181127/tools/bin/../lib/gcc/arm-none-eabi/10.3.1/../../../../arm-none-eabi/lib/thumb/v7e-m+fp/hard/libc_nano.a(lib_a-printf.o)
                0x00000000080083a0                printf
                0x00000000080083a0                iprintf
 .text._puts_r  0x00000000080083d0       0xdc /home/wissam/st/stm32cubeide_1.10.1/plugins/com.st.stm32cube.ide.mcu.externaltools.gnu-tools-for-stm32.10.3-2021.10.linux64_1.0.0.202111181127/tools/bin/../lib/gcc/arm-none-eabi/10.3.1/../../../../arm-none-eabi/lib/thumb/v7e-m+fp/hard/libc_nano.a(lib_a-puts.o)
                0x00000000080083d0                _puts_r
 .text.puts     0x00000000080084ac       0x10 /home/wissam/st/stm32cubeide_1.10.1/plugins/com.st.stm32cube.ide.mcu.externaltools.gnu-tools-for-stm32.10.3-2021.10.linux64_1.0.0.202111181127/tools/bin/../lib/gcc/arm-none-eabi/10.3.1/../../../../arm-none-eabi/lib/thumb/v7e-m+fp/hard/libc_nano.a(lib_a-puts.o)
                0x00000000080084ac                puts
 .text._sbrk_r  0x00000000080084bc       0x20 /home/wissam/st/stm32cubeide_1.10.1/plugins/com.st.stm32cube.ide.mcu.externaltools.gnu-tools-for-stm32.10.3-2021.10.linux64_1.0.0.202111181127/tools/bin/../lib/gcc/arm-none-eabi/10.3.1/../../../../arm-none-eabi/lib/thumb/v7e-m+fp/hard/libc_nano.a(lib_a-sbrkr.o)
                0x00000000080084bc                _sbrk_r
 .text.__swbuf_r
                0x00000000080084dc       0xa4 /home/wissam/st/stm32cubeide_1.10.1/plugins/com.st.stm32cube.ide.mcu.externaltools.gnu-tools-for-stm32.10.3-2021.10.linux64_1.0.0.202111181127/tools/bin/../lib/gcc/arm-none-eabi/10.3.1/../../../../arm-none-eabi/lib/thumb/v7e-m+fp/hard/libc_nano.a(lib_a-wbuf.o)
                0x00000000080084dc                __swbuf_r
 .text.__swsetup_r
                0x0000000008008580       0xdc /home/wissam/st/stm32cubeide_1.10.1/plugins/com.st.stm32cube.ide.mcu.externaltools.gnu-tools-for-stm32.10.3-2021.10.linux64_1.0.0.202111181127/tools/bin/../lib/gcc/arm-none-eabi/10.3.1/../../../../arm-none-eabi/lib/thumb/v7e-m+fp/hard/libc_nano.a(lib_a-wsetup.o)
                0x0000000008008580                __swsetup_r
 .text.__sflush_r
                0x000000000800865c      0x10c /home/wissam/st/stm32cubeide_1.10.1/plugins/com.st.stm32cube.ide.mcu.externaltools.gnu-tools-for-stm32.10.3-2021.10.linux64_1.0.0.202111181127/tools/bin/../lib/gcc/arm-none-eabi/10.3.1/../../../../arm-none-eabi/lib/thumb/v7e-m+fp/hard/libc_nano.a(lib_a-fflush.o)
                0x000000000800865c                __sflush_r
 .text._fflush_r
                0x0000000008008768       0x78 /home/wissam/st/stm32cubeide_1.10.1/plugins/com.st.stm32cube.ide.mcu.externaltools.gnu-tools-for-stm32.10.3-2021.10.linux64_1.0.0.202111181127/tools/bin/../lib/gcc/arm-none-eabi/10.3.1/../../../../arm-none-eabi/lib/thumb/v7e-m+fp/hard/libc_nano.a(lib_a-fflush.o)
                0x0000000008008768                _fflush_r
 .text.std      0x00000000080087e0       0x48 /home/wissam/st/stm32cubeide_1.10.1/plugins/com.st.stm32cube.ide.mcu.externaltools.gnu-tools-for-stm32.10.3-2021.10.linux64_1.0.0.202111181127/tools/bin/../lib/gcc/arm-none-eabi/10.3.1/../../../../arm-none-eabi/lib/thumb/v7e-m+fp/hard/libc_nano.a(lib_a-findfp.o)
 .text._cleanup_r
                0x0000000008008828        0xc /home/wissam/st/stm32cubeide_1.10.1/plugins/com.st.stm32cube.ide.mcu.externaltools.gnu-tools-for-stm32.10.3-2021.10.linux64_1.0.0.202111181127/tools/bin/../lib/gcc/arm-none-eabi/10.3.1/../../../../arm-none-eabi/lib/thumb/v7e-m+fp/hard/libc_nano.a(lib_a-findfp.o)
                0x0000000008008828                _cleanup_r
 .text.__sfmoreglue
                0x0000000008008834       0x2c /home/wissam/st/stm32cubeide_1.10.1/plugins/com.st.stm32cube.ide.mcu.externaltools.gnu-tools-for-stm32.10.3-2021.10.linux64_1.0.0.202111181127/tools/bin/../lib/gcc/arm-none-eabi/10.3.1/../../../../arm-none-eabi/lib/thumb/v7e-m+fp/hard/libc_nano.a(lib_a-findfp.o)
                0x0000000008008834                __sfmoreglue
 .text.__sfp_lock_acquire
                0x0000000008008860        0xc /home/wissam/st/stm32cubeide_1.10.1/plugins/com.st.stm32cube.ide.mcu.externaltools.gnu-tools-for-stm32.10.3-2021.10.linux64_1.0.0.202111181127/tools/bin/../lib/gcc/arm-none-eabi/10.3.1/../../../../arm-none-eabi/lib/thumb/v7e-m+fp/hard/libc_nano.a(lib_a-findfp.o)
                0x0000000008008860                __sfp_lock_acquire
 .text.__sfp_lock_release
                0x000000000800886c        0xc /home/wissam/st/stm32cubeide_1.10.1/plugins/com.st.stm32cube.ide.mcu.externaltools.gnu-tools-for-stm32.10.3-2021.10.linux64_1.0.0.202111181127/tools/bin/../lib/gcc/arm-none-eabi/10.3.1/../../../../arm-none-eabi/lib/thumb/v7e-m+fp/hard/libc_nano.a(lib_a-findfp.o)
                0x000000000800886c                __sfp_lock_release
 .text.__sinit_lock_acquire
                0x0000000008008878        0xc /home/wissam/st/stm32cubeide_1.10.1/plugins/com.st.stm32cube.ide.mcu.externaltools.gnu-tools-for-stm32.10.3-2021.10.linux64_1.0.0.202111181127/tools/bin/../lib/gcc/arm-none-eabi/10.3.1/../../../../arm-none-eabi/lib/thumb/v7e-m+fp/hard/libc_nano.a(lib_a-findfp.o)
                0x0000000008008878                __sinit_lock_acquire
 .text.__sinit_lock_release
                0x0000000008008884        0xc /home/wissam/st/stm32cubeide_1.10.1/plugins/com.st.stm32cube.ide.mcu.externaltools.gnu-tools-for-stm32.10.3-2021.10.linux64_1.0.0.202111181127/tools/bin/../lib/gcc/arm-none-eabi/10.3.1/../../../../arm-none-eabi/lib/thumb/v7e-m+fp/hard/libc_nano.a(lib_a-findfp.o)
                0x0000000008008884                __sinit_lock_release
 .text.__sinit  0x0000000008008890       0x70 /home/wissam/st/stm32cubeide_1.10.1/plugins/com.st.stm32cube.ide.mcu.externaltools.gnu-tools-for-stm32.10.3-2021.10.linux64_1.0.0.202111181127/tools/bin/../lib/gcc/arm-none-eabi/10.3.1/../../../../arm-none-eabi/lib/thumb/v7e-m+fp/hard/libc_nano.a(lib_a-findfp.o)
                0x0000000008008890                __sinit
 .text.__sfp    0x0000000008008900       0x8c /home/wissam/st/stm32cubeide_1.10.1/plugins/com.st.stm32cube.ide.mcu.externaltools.gnu-tools-for-stm32.10.3-2021.10.linux64_1.0.0.202111181127/tools/bin/../lib/gcc/arm-none-eabi/10.3.1/../../../../arm-none-eabi/lib/thumb/v7e-m+fp/hard/libc_nano.a(lib_a-findfp.o)
                0x0000000008008900                __sfp
 .text._fwalk_reent
                0x000000000800898c       0x3e /home/wissam/st/stm32cubeide_1.10.1/plugins/com.st.stm32cube.ide.mcu.externaltools.gnu-tools-for-stm32.10.3-2021.10.linux64_1.0.0.202111181127/tools/bin/../lib/gcc/arm-none-eabi/10.3.1/../../../../arm-none-eabi/lib/thumb/v7e-m+fp/hard/libc_nano.a(lib_a-fwalk.o)
                0x000000000800898c                _fwalk_reent
 .text.__swhatbuf_r
                0x00000000080089ca       0x4a /home/wissam/st/stm32cubeide_1.10.1/plugins/com.st.stm32cube.ide.mcu.externaltools.gnu-tools-for-stm32.10.3-2021.10.linux64_1.0.0.202111181127/tools/bin/../lib/gcc/arm-none-eabi/10.3.1/../../../../arm-none-eabi/lib/thumb/v7e-m+fp/hard/libc_nano.a(lib_a-makebuf.o)
                0x00000000080089ca                __swhatbuf_r
 .text.__smakebuf_r
                0x0000000008008a14       0x80 /home/wissam/st/stm32cubeide_1.10.1/plugins/com.st.stm32cube.ide.mcu.externaltools.gnu-tools-for-stm32.10.3-2021.10.linux64_1.0.0.202111181127/tools/bin/../lib/gcc/arm-none-eabi/10.3.1/../../../../arm-none-eabi/lib/thumb/v7e-m+fp/hard/libc_nano.a(lib_a-makebuf.o)
                0x0000000008008a14                __smakebuf_r
 .text.__malloc_lock
                0x0000000008008a94        0xc /home/wissam/st/stm32cubeide_1.10.1/plugins/com.st.stm32cube.ide.mcu.externaltools.gnu-tools-for-stm32.10.3-2021.10.linux64_1.0.0.202111181127/tools/bin/../lib/gcc/arm-none-eabi/10.3.1/../../../../arm-none-eabi/lib/thumb/v7e-m+fp/hard/libc_nano.a(lib_a-mlock.o)
                0x0000000008008a94                __malloc_lock
 .text.__malloc_unlock
                0x0000000008008aa0        0xc /home/wissam/st/stm32cubeide_1.10.1/plugins/com.st.stm32cube.ide.mcu.externaltools.gnu-tools-for-stm32.10.3-2021.10.linux64_1.0.0.202111181127/tools/bin/../lib/gcc/arm-none-eabi/10.3.1/../../../../arm-none-eabi/lib/thumb/v7e-m+fp/hard/libc_nano.a(lib_a-mlock.o)
                0x0000000008008aa0                __malloc_unlock
 .text.__sfputc_r
                0x0000000008008aac       0x2e /home/wissam/st/stm32cubeide_1.10.1/plugins/com.st.stm32cube.ide.mcu.externaltools.gnu-tools-for-stm32.10.3-2021.10.linux64_1.0.0.202111181127/tools/bin/../lib/gcc/arm-none-eabi/10.3.1/../../../../arm-none-eabi/lib/thumb/v7e-m+fp/hard/libc_nano.a(lib_a-nano-vfprintf.o)
 .text.__sfputs_r
                0x0000000008008ada       0x24 /home/wissam/st/stm32cubeide_1.10.1/plugins/com.st.stm32cube.ide.mcu.externaltools.gnu-tools-for-stm32.10.3-2021.10.linux64_1.0.0.202111181127/tools/bin/../lib/gcc/arm-none-eabi/10.3.1/../../../../arm-none-eabi/lib/thumb/v7e-m+fp/hard/libc_nano.a(lib_a-nano-vfprintf.o)
                0x0000000008008ada                __sfputs_r
 *fill*         0x0000000008008afe        0x2 
 .text._vfprintf_r
                0x0000000008008b00      0x260 /home/wissam/st/stm32cubeide_1.10.1/plugins/com.st.stm32cube.ide.mcu.externaltools.gnu-tools-for-stm32.10.3-2021.10.linux64_1.0.0.202111181127/tools/bin/../lib/gcc/arm-none-eabi/10.3.1/../../../../arm-none-eabi/lib/thumb/v7e-m+fp/hard/libc_nano.a(lib_a-nano-vfprintf.o)
                0x0000000008008b00                _vfiprintf_r
                0x0000000008008b00                _vfprintf_r
 .text._printf_common
                0x0000000008008d60       0xda /home/wissam/st/stm32cubeide_1.10.1/plugins/com.st.stm32cube.ide.mcu.externaltools.gnu-tools-for-stm32.10.3-2021.10.linux64_1.0.0.202111181127/tools/bin/../lib/gcc/arm-none-eabi/10.3.1/../../../../arm-none-eabi/lib/thumb/v7e-m+fp/hard/libc_nano.a(lib_a-nano-vfprintf_i.o)
                0x0000000008008d60                _printf_common
 *fill*         0x0000000008008e3a        0x2 
 .text._printf_i
                0x0000000008008e3c      0x24c /home/wissam/st/stm32cubeide_1.10.1/plugins/com.st.stm32cube.ide.mcu.externaltools.gnu-tools-for-stm32.10.3-2021.10.linux64_1.0.0.202111181127/tools/bin/../lib/gcc/arm-none-eabi/10.3.1/../../../../arm-none-eabi/lib/thumb/v7e-m+fp/hard/libc_nano.a(lib_a-nano-vfprintf_i.o)
                0x0000000008008e3c                _printf_i
 .text.__sread  0x0000000008009088       0x22 /home/wissam/st/stm32cubeide_1.10.1/plugins/com.st.stm32cube.ide.mcu.externaltools.gnu-tools-for-stm32.10.3-2021.10.linux64_1.0.0.202111181127/tools/bin/../lib/gcc/arm-none-eabi/10.3.1/../../../../arm-none-eabi/lib/thumb/v7e-m+fp/hard/libc_nano.a(lib_a-stdio.o)
                0x0000000008009088                __sread
 .text.__swrite
                0x00000000080090aa       0x38 /home/wissam/st/stm32cubeide_1.10.1/plugins/com.st.stm32cube.ide.mcu.externaltools.gnu-tools-for-stm32.10.3-2021.10.linux64_1.0.0.202111181127/tools/bin/../lib/gcc/arm-none-eabi/10.3.1/../../../../arm-none-eabi/lib/thumb/v7e-m+fp/hard/libc_nano.a(lib_a-stdio.o)
                0x00000000080090aa                __swrite
 .text.__sseek  0x00000000080090e2       0x24 /home/wissam/st/stm32cubeide_1.10.1/plugins/com.st.stm32cube.ide.mcu.externaltools.gnu-tools-for-stm32.10.3-2021.10.linux64_1.0.0.202111181127/tools/bin/../lib/gcc/arm-none-eabi/10.3.1/../../../../arm-none-eabi/lib/thumb/v7e-m+fp/hard/libc_nano.a(lib_a-stdio.o)
                0x00000000080090e2                __sseek
 .text.__sclose
                0x0000000008009106        0x8 /home/wissam/st/stm32cubeide_1.10.1/plugins/com.st.stm32cube.ide.mcu.externaltools.gnu-tools-for-stm32.10.3-2021.10.linux64_1.0.0.202111181127/tools/bin/../lib/gcc/arm-none-eabi/10.3.1/../../../../arm-none-eabi/lib/thumb/v7e-m+fp/hard/libc_nano.a(lib_a-stdio.o)
                0x0000000008009106                __sclose
 *fill*         0x000000000800910e        0x2 
 .text._write_r
                0x0000000008009110       0x24 /home/wissam/st/stm32cubeide_1.10.1/plugins/com.st.stm32cube.ide.mcu.externaltools.gnu-tools-for-stm32.10.3-2021.10.linux64_1.0.0.202111181127/tools/bin/../lib/gcc/arm-none-eabi/10.3.1/../../../../arm-none-eabi/lib/thumb/v7e-m+fp/hard/libc_nano.a(lib_a-writer.o)
                0x0000000008009110                _write_r
 .text._close_r
                0x0000000008009134       0x20 /home/wissam/st/stm32cubeide_1.10.1/plugins/com.st.stm32cube.ide.mcu.externaltools.gnu-tools-for-stm32.10.3-2021.10.linux64_1.0.0.202111181127/tools/bin/../lib/gcc/arm-none-eabi/10.3.1/../../../../arm-none-eabi/lib/thumb/v7e-m+fp/hard/libc_nano.a(lib_a-closer.o)
                0x0000000008009134                _close_r
 .text._fstat_r
                0x0000000008009154       0x24 /home/wissam/st/stm32cubeide_1.10.1/plugins/com.st.stm32cube.ide.mcu.externaltools.gnu-tools-for-stm32.10.3-2021.10.linux64_1.0.0.202111181127/tools/bin/../lib/gcc/arm-none-eabi/10.3.1/../../../../arm-none-eabi/lib/thumb/v7e-m+fp/hard/libc_nano.a(lib_a-fstatr.o)
                0x0000000008009154                _fstat_r
 .text._isatty_r
                0x0000000008009178       0x20 /home/wissam/st/stm32cubeide_1.10.1/plugins/com.st.stm32cube.ide.mcu.externaltools.gnu-tools-for-stm32.10.3-2021.10.linux64_1.0.0.202111181127/tools/bin/../lib/gcc/arm-none-eabi/10.3.1/../../../../arm-none-eabi/lib/thumb/v7e-m+fp/hard/libc_nano.a(lib_a-isattyr.o)
                0x0000000008009178                _isatty_r
 .text._lseek_r
                0x0000000008009198       0x24 /home/wissam/st/stm32cubeide_1.10.1/plugins/com.st.stm32cube.ide.mcu.externaltools.gnu-tools-for-stm32.10.3-2021.10.linux64_1.0.0.202111181127/tools/bin/../lib/gcc/arm-none-eabi/10.3.1/../../../../arm-none-eabi/lib/thumb/v7e-m+fp/hard/libc_nano.a(lib_a-lseekr.o)
                0x0000000008009198                _lseek_r
 .text._read_r  0x00000000080091bc       0x24 /home/wissam/st/stm32cubeide_1.10.1/plugins/com.st.stm32cube.ide.mcu.externaltools.gnu-tools-for-stm32.10.3-2021.10.linux64_1.0.0.202111181127/tools/bin/../lib/gcc/arm-none-eabi/10.3.1/../../../../arm-none-eabi/lib/thumb/v7e-m+fp/hard/libc_nano.a(lib_a-readr.o)
                0x00000000080091bc                _read_r
 .text.cos      0x00000000080091e0       0xa8 /home/wissam/st/stm32cubeide_1.10.1/plugins/com.st.stm32cube.ide.mcu.externaltools.gnu-tools-for-stm32.10.3-2021.10.linux64_1.0.0.202111181127/tools/bin/../lib/gcc/arm-none-eabi/10.3.1/../../../../arm-none-eabi/lib/thumb/v7e-m+fp/hard/libm.a(lib_a-s_cos.o)
                0x00000000080091e0                cos
 .text.sin      0x0000000008009288       0xb0 /home/wissam/st/stm32cubeide_1.10.1/plugins/com.st.stm32cube.ide.mcu.externaltools.gnu-tools-for-stm32.10.3-2021.10.linux64_1.0.0.202111181127/tools/bin/../lib/gcc/arm-none-eabi/10.3.1/../../../../arm-none-eabi/lib/thumb/v7e-m+fp/hard/libm.a(lib_a-s_sin.o)
                0x0000000008009288                sin
 .text.floorf   0x0000000008009338       0x84 /home/wissam/st/stm32cubeide_1.10.1/plugins/com.st.stm32cube.ide.mcu.externaltools.gnu-tools-for-stm32.10.3-2021.10.linux64_1.0.0.202111181127/tools/bin/../lib/gcc/arm-none-eabi/10.3.1/../../../../arm-none-eabi/lib/thumb/v7e-m+fp/hard/libm.a(lib_a-sf_floor.o)
                0x0000000008009338                floorf
 .text.acos     0x00000000080093bc       0x68 /home/wissam/st/stm32cubeide_1.10.1/plugins/com.st.stm32cube.ide.mcu.externaltools.gnu-tools-for-stm32.10.3-2021.10.linux64_1.0.0.202111181127/tools/bin/../lib/gcc/arm-none-eabi/10.3.1/../../../../arm-none-eabi/lib/thumb/v7e-m+fp/hard/libm.a(lib_a-w_acos.o)
                0x00000000080093bc                acos
 .text.asin     0x0000000008009424       0x68 /home/wissam/st/stm32cubeide_1.10.1/plugins/com.st.stm32cube.ide.mcu.externaltools.gnu-tools-for-stm32.10.3-2021.10.linux64_1.0.0.202111181127/tools/bin/../lib/gcc/arm-none-eabi/10.3.1/../../../../arm-none-eabi/lib/thumb/v7e-m+fp/hard/libm.a(lib_a-w_asin.o)
                0x0000000008009424                asin
 .text.atan2    0x000000000800948c        0x4 /home/wissam/st/stm32cubeide_1.10.1/plugins/com.st.stm32cube.ide.mcu.externaltools.gnu-tools-for-stm32.10.3-2021.10.linux64_1.0.0.202111181127/tools/bin/../lib/gcc/arm-none-eabi/10.3.1/../../../../arm-none-eabi/lib/thumb/v7e-m+fp/hard/libm.a(lib_a-w_atan2.o)
                0x000000000800948c                atan2
 .text.sqrt     0x0000000008009490       0x58 /home/wissam/st/stm32cubeide_1.10.1/plugins/com.st.stm32cube.ide.mcu.externaltools.gnu-tools-for-stm32.10.3-2021.10.linux64_1.0.0.202111181127/tools/bin/../lib/gcc/arm-none-eabi/10.3.1/../../../../arm-none-eabi/lib/thumb/v7e-m+fp/hard/libm.a(lib_a-w_sqrt.o)
                0x0000000008009490                sqrt
 .text.__ieee754_acos
                0x00000000080094e8      0x4c0 /home/wissam/st/stm32cubeide_1.10.1/plugins/com.st.stm32cube.ide.mcu.externaltools.gnu-tools-for-stm32.10.3-2021.10.linux64_1.0.0.202111181127/tools/bin/../lib/gcc/arm-none-eabi/10.3.1/../../../../arm-none-eabi/lib/thumb/v7e-m+fp/hard/libm.a(lib_a-e_acos.o)
                0x00000000080094e8                __ieee754_acos
 .text.__ieee754_asin
                0x00000000080099a8      0x428 /home/wissam/st/stm32cubeide_1.10.1/plugins/com.st.stm32cube.ide.mcu.externaltools.gnu-tools-for-stm32.10.3-2021.10.linux64_1.0.0.202111181127/tools/bin/../lib/gcc/arm-none-eabi/10.3.1/../../../../arm-none-eabi/lib/thumb/v7e-m+fp/hard/libm.a(lib_a-e_asin.o)
                0x00000000080099a8                __ieee754_asin
 .text.__ieee754_atan2
                0x0000000008009dd0      0x194 /home/wissam/st/stm32cubeide_1.10.1/plugins/com.st.stm32cube.ide.mcu.externaltools.gnu-tools-for-stm32.10.3-2021.10.linux64_1.0.0.202111181127/tools/bin/../lib/gcc/arm-none-eabi/10.3.1/../../../../arm-none-eabi/lib/thumb/v7e-m+fp/hard/libm.a(lib_a-e_atan2.o)
                0x0000000008009dd0                __ieee754_atan2
 *fill*         0x0000000008009f64        0x4 
 .text.__ieee754_rem_pio2
                0x0000000008009f68      0x418 /home/wissam/st/stm32cubeide_1.10.1/plugins/com.st.stm32cube.ide.mcu.externaltools.gnu-tools-for-stm32.10.3-2021.10.linux64_1.0.0.202111181127/tools/bin/../lib/gcc/arm-none-eabi/10.3.1/../../../../arm-none-eabi/lib/thumb/v7e-m+fp/hard/libm.a(lib_a-e_rem_pio2.o)
                0x0000000008009f68                __ieee754_rem_pio2
 .text.__ieee754_sqrt
                0x000000000800a380      0x164 /home/wissam/st/stm32cubeide_1.10.1/plugins/com.st.stm32cube.ide.mcu.externaltools.gnu-tools-for-stm32.10.3-2021.10.linux64_1.0.0.202111181127/tools/bin/../lib/gcc/arm-none-eabi/10.3.1/../../../../arm-none-eabi/lib/thumb/v7e-m+fp/hard/libm.a(lib_a-e_sqrt.o)
                0x000000000800a380                __ieee754_sqrt
 *fill*         0x000000000800a4e4        0x4 
 .text.__kernel_cos
                0x000000000800a4e8      0x18c /home/wissam/st/stm32cubeide_1.10.1/plugins/com.st.stm32cube.ide.mcu.externaltools.gnu-tools-for-stm32.10.3-2021.10.linux64_1.0.0.202111181127/tools/bin/../lib/gcc/arm-none-eabi/10.3.1/../../../../arm-none-eabi/lib/thumb/v7e-m+fp/hard/libm.a(lib_a-k_cos.o)
                0x000000000800a4e8                __kernel_cos
 *fill*         0x000000000800a674        0x4 
 .text.__kernel_rem_pio2
                0x000000000800a678      0x69c /home/wissam/st/stm32cubeide_1.10.1/plugins/com.st.stm32cube.ide.mcu.externaltools.gnu-tools-for-stm32.10.3-2021.10.linux64_1.0.0.202111181127/tools/bin/../lib/gcc/arm-none-eabi/10.3.1/../../../../arm-none-eabi/lib/thumb/v7e-m+fp/hard/libm.a(lib_a-k_rem_pio2.o)
                0x000000000800a678                __kernel_rem_pio2
 *fill*         0x000000000800ad14        0x4 
 .text.__kernel_sin
                0x000000000800ad18      0x17c /home/wissam/st/stm32cubeide_1.10.1/plugins/com.st.stm32cube.ide.mcu.externaltools.gnu-tools-for-stm32.10.3-2021.10.linux64_1.0.0.202111181127/tools/bin/../lib/gcc/arm-none-eabi/10.3.1/../../../../arm-none-eabi/lib/thumb/v7e-m+fp/hard/libm.a(lib_a-k_sin.o)
                0x000000000800ad18                __kernel_sin
 *fill*         0x000000000800ae94        0x4 
 .text.atan     0x000000000800ae98      0x340 /home/wissam/st/stm32cubeide_1.10.1/plugins/com.st.stm32cube.ide.mcu.externaltools.gnu-tools-for-stm32.10.3-2021.10.linux64_1.0.0.202111181127/tools/bin/../lib/gcc/arm-none-eabi/10.3.1/../../../../arm-none-eabi/lib/thumb/v7e-m+fp/hard/libm.a(lib_a-s_atan.o)
                0x000000000800ae98                atan
 .text.fabs     0x000000000800b1d8       0x12 /home/wissam/st/stm32cubeide_1.10.1/plugins/com.st.stm32cube.ide.mcu.externaltools.gnu-tools-for-stm32.10.3-2021.10.linux64_1.0.0.202111181127/tools/bin/../lib/gcc/arm-none-eabi/10.3.1/../../../../arm-none-eabi/lib/thumb/v7e-m+fp/hard/libm.a(lib_a-s_fabs.o)
                0x000000000800b1d8                fabs
 *fill*         0x000000000800b1ea        0x6 
 .text.floor    0x000000000800b1f0      0x100 /home/wissam/st/stm32cubeide_1.10.1/plugins/com.st.stm32cube.ide.mcu.externaltools.gnu-tools-for-stm32.10.3-2021.10.linux64_1.0.0.202111181127/tools/bin/../lib/gcc/arm-none-eabi/10.3.1/../../../../arm-none-eabi/lib/thumb/v7e-m+fp/hard/libm.a(lib_a-s_floor.o)
                0x000000000800b1f0                floor
 .text.nan      0x000000000800b2f0       0x10 /home/wissam/st/stm32cubeide_1.10.1/plugins/com.st.stm32cube.ide.mcu.externaltools.gnu-tools-for-stm32.10.3-2021.10.linux64_1.0.0.202111181127/tools/bin/../lib/gcc/arm-none-eabi/10.3.1/../../../../arm-none-eabi/lib/thumb/v7e-m+fp/hard/libm.a(lib_a-s_nan.o)
                0x000000000800b2f0                nan
 .text.scalbn   0x000000000800b300      0x10c /home/wissam/st/stm32cubeide_1.10.1/plugins/com.st.stm32cube.ide.mcu.externaltools.gnu-tools-for-stm32.10.3-2021.10.linux64_1.0.0.202111181127/tools/bin/../lib/gcc/arm-none-eabi/10.3.1/../../../../arm-none-eabi/lib/thumb/v7e-m+fp/hard/libm.a(lib_a-s_scalbn.o)
                0x000000000800b300                scalbn
 *(.glue_7)
 .glue_7        0x000000000800b40c        0x0 linker stubs
 *(.glue_7t)
 .glue_7t       0x000000000800b40c        0x0 linker stubs
 *(.eh_frame)
 .eh_frame      0x000000000800b40c        0x0 /home/wissam/st/stm32cubeide_1.10.1/plugins/com.st.stm32cube.ide.mcu.externaltools.gnu-tools-for-stm32.10.3-2021.10.linux64_1.0.0.202111181127/tools/bin/../lib/gcc/arm-none-eabi/10.3.1/thumb/v7e-m+fp/hard/crtbegin.o
 *(.init)
 .init          0x000000000800b40c        0x4 /home/wissam/st/stm32cubeide_1.10.1/plugins/com.st.stm32cube.ide.mcu.externaltools.gnu-tools-for-stm32.10.3-2021.10.linux64_1.0.0.202111181127/tools/bin/../lib/gcc/arm-none-eabi/10.3.1/thumb/v7e-m+fp/hard/crti.o
                0x000000000800b40c                _init
 .init          0x000000000800b410        0x8 /home/wissam/st/stm32cubeide_1.10.1/plugins/com.st.stm32cube.ide.mcu.externaltools.gnu-tools-for-stm32.10.3-2021.10.linux64_1.0.0.202111181127/tools/bin/../lib/gcc/arm-none-eabi/10.3.1/thumb/v7e-m+fp/hard/crtn.o
 *(.fini)
 .fini          0x000000000800b418        0x4 /home/wissam/st/stm32cubeide_1.10.1/plugins/com.st.stm32cube.ide.mcu.externaltools.gnu-tools-for-stm32.10.3-2021.10.linux64_1.0.0.202111181127/tools/bin/../lib/gcc/arm-none-eabi/10.3.1/thumb/v7e-m+fp/hard/crti.o
                0x000000000800b418                _fini
 .fini          0x000000000800b41c        0x8 /home/wissam/st/stm32cubeide_1.10.1/plugins/com.st.stm32cube.ide.mcu.externaltools.gnu-tools-for-stm32.10.3-2021.10.linux64_1.0.0.202111181127/tools/bin/../lib/gcc/arm-none-eabi/10.3.1/thumb/v7e-m+fp/hard/crtn.o
                0x000000000800b424                . = ALIGN (0x4)
                0x000000000800b424                _etext = .

.vfp11_veneer   0x000000000800b424        0x0
 .vfp11_veneer  0x000000000800b424        0x0 linker stubs

.v4_bx          0x000000000800b424        0x0
 .v4_bx         0x000000000800b424        0x0 linker stubs

.iplt           0x000000000800b424        0x0
 .iplt          0x000000000800b424        0x0 /home/wissam/st/stm32cubeide_1.10.1/plugins/com.st.stm32cube.ide.mcu.externaltools.gnu-tools-for-stm32.10.3-2021.10.linux64_1.0.0.202111181127/tools/bin/../lib/gcc/arm-none-eabi/10.3.1/thumb/v7e-m+fp/hard/crtbegin.o

.rodata         0x000000000800b428      0x438
                0x000000000800b428                . = ALIGN (0x4)
 *(.rodata)
 .rodata        0x000000000800b428       0x18 ./Core/Src/main.o
 *(.rodata*)
 .rodata.Joints_init.str1.1
                0x000000000800b440       0x20 ./Core/Src/main.o
 .rodata.LSM_init.str1.1
                0x000000000800b460       0x36 ./Core/Src/main.o
 .rodata.Rodog_init.str1.1
                0x000000000800b496       0x1f ./Core/Src/main.o
 .rodata.Error_Handler.str1.1
                0x000000000800b4b5       0x32 ./Core/Src/main.o
 *fill*         0x000000000800b4e7        0x1 
 .rodata.XBScatter
                0x000000000800b4e8       0x34 ./Core/Src/main.o
                0x000000000800b4e8                XBScatter
 .rodata.YBScatter
                0x000000000800b51c       0x30 ./Core/Src/main.o
                0x000000000800b51c                YBScatter
 .rodata.AHBPrescTable
                0x000000000800b54c       0x10 ./Core/Src/system_stm32f4xx.o
                0x000000000800b54c                AHBPrescTable
 .rodata.APBPrescTable
                0x000000000800b55c        0x8 ./Core/Src/system_stm32f4xx.o
                0x000000000800b55c                APBPrescTable
 .rodata.flagBitshiftOffset.0
                0x000000000800b564        0x8 ./Drivers/STM32F4xx_HAL_Driver/Src/stm32f4xx_hal_dma.o
 .rodata.SD_Driver
                0x000000000800b56c       0x14 ./FATFS/Target/sd_diskio.o
                0x000000000800b56c                SD_Driver
 .rodata._global_impure_ptr
                0x000000000800b580        0x4 /home/wissam/st/stm32cubeide_1.10.1/plugins/com.st.stm32cube.ide.mcu.externaltools.gnu-tools-for-stm32.10.3-2021.10.linux64_1.0.0.202111181127/tools/bin/../lib/gcc/arm-none-eabi/10.3.1/../../../../arm-none-eabi/lib/thumb/v7e-m+fp/hard/libc_nano.a(lib_a-impure.o)
                0x000000000800b580                _global_impure_ptr
 .rodata.__sf_fake_stderr
                0x000000000800b584       0x20 /home/wissam/st/stm32cubeide_1.10.1/plugins/com.st.stm32cube.ide.mcu.externaltools.gnu-tools-for-stm32.10.3-2021.10.linux64_1.0.0.202111181127/tools/bin/../lib/gcc/arm-none-eabi/10.3.1/../../../../arm-none-eabi/lib/thumb/v7e-m+fp/hard/libc_nano.a(lib_a-findfp.o)
                0x000000000800b584                __sf_fake_stderr
 .rodata.__sf_fake_stdin
                0x000000000800b5a4       0x20 /home/wissam/st/stm32cubeide_1.10.1/plugins/com.st.stm32cube.ide.mcu.externaltools.gnu-tools-for-stm32.10.3-2021.10.linux64_1.0.0.202111181127/tools/bin/../lib/gcc/arm-none-eabi/10.3.1/../../../../arm-none-eabi/lib/thumb/v7e-m+fp/hard/libc_nano.a(lib_a-findfp.o)
                0x000000000800b5a4                __sf_fake_stdin
 .rodata.__sf_fake_stdout
                0x000000000800b5c4       0x20 /home/wissam/st/stm32cubeide_1.10.1/plugins/com.st.stm32cube.ide.mcu.externaltools.gnu-tools-for-stm32.10.3-2021.10.linux64_1.0.0.202111181127/tools/bin/../lib/gcc/arm-none-eabi/10.3.1/../../../../arm-none-eabi/lib/thumb/v7e-m+fp/hard/libc_nano.a(lib_a-findfp.o)
                0x000000000800b5c4                __sf_fake_stdout
 .rodata._vfprintf_r.str1.1
                0x000000000800b5e4       0x11 /home/wissam/st/stm32cubeide_1.10.1/plugins/com.st.stm32cube.ide.mcu.externaltools.gnu-tools-for-stm32.10.3-2021.10.linux64_1.0.0.202111181127/tools/bin/../lib/gcc/arm-none-eabi/10.3.1/../../../../arm-none-eabi/lib/thumb/v7e-m+fp/hard/libc_nano.a(lib_a-nano-vfprintf.o)
 .rodata._printf_i.str1.1
                0x000000000800b5f5       0x22 /home/wissam/st/stm32cubeide_1.10.1/plugins/com.st.stm32cube.ide.mcu.externaltools.gnu-tools-for-stm32.10.3-2021.10.linux64_1.0.0.202111181127/tools/bin/../lib/gcc/arm-none-eabi/10.3.1/../../../../arm-none-eabi/lib/thumb/v7e-m+fp/hard/libc_nano.a(lib_a-nano-vfprintf_i.o)
 .rodata.acos.str1.1
                0x000000000800b617       0x22 /home/wissam/st/stm32cubeide_1.10.1/plugins/com.st.stm32cube.ide.mcu.externaltools.gnu-tools-for-stm32.10.3-2021.10.linux64_1.0.0.202111181127/tools/bin/../lib/gcc/arm-none-eabi/10.3.1/../../../../arm-none-eabi/lib/thumb/v7e-m+fp/hard/libm.a(lib_a-w_acos.o)
                                          0x1 (size before relaxing)
 .rodata.asin.str1.1
                0x000000000800b617        0x1 /home/wissam/st/stm32cubeide_1.10.1/plugins/com.st.stm32cube.ide.mcu.externaltools.gnu-tools-for-stm32.10.3-2021.10.linux64_1.0.0.202111181127/tools/bin/../lib/gcc/arm-none-eabi/10.3.1/../../../../arm-none-eabi/lib/thumb/v7e-m+fp/hard/libm.a(lib_a-w_asin.o)
 *fill*         0x000000000800b617        0x1 
 .rodata.CSWTCH.8
                0x000000000800b618       0x18 /home/wissam/st/stm32cubeide_1.10.1/plugins/com.st.stm32cube.ide.mcu.externaltools.gnu-tools-for-stm32.10.3-2021.10.linux64_1.0.0.202111181127/tools/bin/../lib/gcc/arm-none-eabi/10.3.1/../../../../arm-none-eabi/lib/thumb/v7e-m+fp/hard/libm.a(lib_a-e_atan2.o)
 .rodata.CSWTCH.9
                0x000000000800b630       0x18 /home/wissam/st/stm32cubeide_1.10.1/plugins/com.st.stm32cube.ide.mcu.externaltools.gnu-tools-for-stm32.10.3-2021.10.linux64_1.0.0.202111181127/tools/bin/../lib/gcc/arm-none-eabi/10.3.1/../../../../arm-none-eabi/lib/thumb/v7e-m+fp/hard/libm.a(lib_a-e_atan2.o)
 .rodata.npio2_hw
                0x000000000800b648       0x80 /home/wissam/st/stm32cubeide_1.10.1/plugins/com.st.stm32cube.ide.mcu.externaltools.gnu-tools-for-stm32.10.3-2021.10.linux64_1.0.0.202111181127/tools/bin/../lib/gcc/arm-none-eabi/10.3.1/../../../../arm-none-eabi/lib/thumb/v7e-m+fp/hard/libm.a(lib_a-e_rem_pio2.o)
 .rodata.two_over_pi