18:11:56 **** Incremental Build of configuration Debug for project RoDog ****
make -j24 all 
arm-none-eabi-gcc "../USB_DEVICE/Target/usbd_conf.c" -mcpu=cortex-m4 -std=gnu11 -g3 -DDEBUG -DUSE_HAL_DRIVER -DSTM32F407xx -c -I../FATFS/Target -I"C:/Users/User/Projects/Rodog/RoDog/CubeIDE_ws/RoDog/CMSIS/CMSIS/Include" -I../FATFS/App -I../LIBJPEG/App -I../LIBJPEG/Target -I../Core/Inc -I../Drivers/STM32F4xx_HAL_Driver/Inc -I../Drivers/STM32F4xx_HAL_Driver/Inc/Legacy -I../Middlewares/Third_Party/FatFs/src -I../Middlewares/Third_Party/LibJPEG/include -I../Drivers/CMSIS/Device/ST/STM32F4xx/Include -I../Drivers/CMSIS/Include -I"C:/Users/User/Projects/Rodog/RoDog/CubeIDE_ws/RoDog/USB_DEVICE" -I"C:/Users/User/Projects/Rodog/RoDog/CubeIDE_ws/RoDog/Middlewares/ST/STM32_USB_Device_Library" -I../USB_DEVICE/App -I../USB_DEVICE/Target -I../Middlewares/ST/STM32_USB_Device_Library/Core/Inc -I../Middlewares/ST/STM32_USB_Device_Library/Class/CDC/Inc -I/home/wissam/STM32CubeIDE/workspace_1.10.1/RoDog/Drivers/CMSIS -O0 -ffunction-sections -fdata-sections -Wall -fstack-usage -fcyclomatic-complexity -MMD -MP -MF"USB_DEVICE/Target/usbd_conf.d" -MT"USB_DEVICE/Target/usbd_conf.o" --specs=nano.specs -mfpu=fpv4-sp-d16 -mfloat-abi=hard -mthumb -o "USB_DEVICE/Target/usbd_conf.o"
arm-none-eabi-gcc "../USB_DEVICE/App/usb_device.c" -mcpu=cortex-m4 -std=gnu11 -g3 -DDEBUG -DUSE_HAL_DRIVER -DSTM32F407xx -c -I../FATFS/Target -I"C:/Users/User/Projects/Rodog/RoDog/CubeIDE_ws/RoDog/CMSIS/CMSIS/Include" -I../FATFS/App -I../LIBJPEG/App -I../LIBJPEG/Target -I../Core/Inc -I../Drivers/STM32F4xx_HAL_Driver/Inc -I../Drivers/STM32F4xx_HAL_Driver/Inc/Legacy -I../Middlewares/Third_Party/FatFs/src -I../Middlewares/Third_Party/LibJPEG/include -I../Drivers/CMSIS/Device/ST/STM32F4xx/Include -I../Drivers/CMSIS/Include -I"C:/Users/User/Projects/Rodog/RoDog/CubeIDE_ws/RoDog/USB_DEVICE" -I"C:/Users/User/Projects/Rodog/RoDog/CubeIDE_ws/RoDog/Middlewares/ST/STM32_USB_Device_Library" -I../USB_DEVICE/App -I../USB_DEVICE/Target -I../Middlewares/ST/STM32_USB_Device_Library/Core/Inc -I../Middlewares/ST/STM32_USB_Device_Library/Class/CDC/Inc -I/home/wissam/STM32CubeIDE/workspace_1.10.1/RoDog/Drivers/CMSIS -O0 -ffunction-sections -fdata-sections -Wall -fstack-usage -fcyclomatic-complexity -MMD -MP -MF"USB_DEVICE/App/usb_device.d" -MT"USB_DEVICE/App/usb_device.o" --specs=nano.specs -mfpu=fpv4-sp-d16 -mfloat-abi=hard -mthumb -o "USB_DEVICE/App/usb_device.o"
arm-none-eabi-gcc "../USB_DEVICE/App/usbd_cdc_if.c" -mcpu=cortex-m4 -std=gnu11 -g3 -DDEBUG -DUSE_HAL_DRIVER -DSTM32F407xx -c -I../FATFS/Target -I"C:/Users/User/Projects/Rodog/RoDog/CubeIDE_ws/RoDog/CMSIS/CMSIS/Include" -I../FATFS/App -I../LIBJPEG/App -I../LIBJPEG/Target -I../Core/Inc -I../Drivers/STM32F4xx_HAL_Driver/Inc -I../Drivers/STM32F4xx_HAL_Driver/Inc/Legacy -I../Middlewares/Third_Party/FatFs/src -I../Middlewares/Third_Party/LibJPEG/include -I../Drivers/CMSIS/Device/ST/STM32F4xx/Include -I../Drivers/CMSIS/Include -I"C:/Users/User/Projects/Rodog/RoDog/CubeIDE_ws/RoDog/USB_DEVICE" -I"C:/Users/User/Projects/Rodog/RoDog/CubeIDE_ws/RoDog/Middlewares/ST/STM32_USB_Device_Library" -I../USB_DEVICE/App -I../USB_DEVICE/Target -I../Middlewares/ST/STM32_USB_Device_Library/Core/Inc -I../Middlewares/ST/STM32_USB_Device_Library/Class/CDC/Inc -I/home/wissam/STM32CubeIDE/workspace_1.10.1/RoDog/Drivers/CMSIS -O0 -ffunction-sections -fdata-sections -Wall -fstack-usage -fcyclomatic-complexity -MMD -MP -MF"USB_DEVICE/App/usbd_cdc_if.d" -MT"USB_DEVICE/App/usbd_cdc_if.o" --specs=nano.specs -mfpu=fpv4-sp-d16 -mfloat-abi=hard -mthumb -o "USB_DEVICE/App/usbd_cdc_if.o"
arm-none-eabi-gcc "../USB_DEVICE/App/usbd_desc.c" -mcpu=cortex-m4 -std=gnu11 -g3 -DDEBUG -DUSE_HAL_DRIVER -DSTM32F407xx -c -I../FATFS/Target -I"C:/Users/User/Projects/Rodog/RoDog/CubeIDE_ws/RoDog/CMSIS/CMSIS/Include" -I../FATFS/App -I../LIBJPEG/App -I../LIBJPEG/Target -I../Core/Inc -I../Drivers/STM32F4xx_HAL_Driver/Inc -I../Drivers/STM32F4xx_HAL_Driver/Inc/Legacy -I../Middlewares/Third_Party/FatFs/src -I../Middlewares/Third_Party/LibJPEG/include -I../Drivers/CMSIS/Device/ST/STM32F4xx/Include -I../Drivers/CMSIS/Include -I"C:/Users/User/Projects/Rodog/RoDog/CubeIDE_ws/RoDog/USB_DEVICE" -I"C:/Users/User/Projects/Rodog/RoDog/CubeIDE_ws/RoDog/Middlewares/ST/STM32_USB_Device_Library" -I../USB_DEVICE/App -I../USB_DEVICE/Target -I../Middlewares/ST/STM32_USB_Device_Library/Core/Inc -I../Middlewares/ST/STM32_USB_Device_Library/Class/CDC/Inc -I/home/wissam/STM32CubeIDE/workspace_1.10.1/RoDog/Drivers/CMSIS -O0 -ffunction-sections -fdata-sections -Wall -fstack-usage -fcyclomatic-complexity -MMD -MP -MF"USB_DEVICE/App/usbd_desc.d" -MT"USB_DEVICE/App/usbd_desc.o" --specs=nano.specs -mfpu=fpv4-sp-d16 -mfloat-abi=hard -mthumb -o "USB_DEVICE/App/usbd_desc.o"
arm-none-eabi-gcc "../Middlewares/Third_Party/FatFs/src/option/syscall.c" -mcpu=cortex-m4 -std=gnu11 -g3 -DDEBUG -DUSE_HAL_DRIVER -DSTM32F407xx -c -I../FATFS/Target -I"C:/Users/User/Projects/Rodog/RoDog/CubeIDE_ws/RoDog/CMSIS/CMSIS/Include" -I../FATFS/App -I../LIBJPEG/App -I../LIBJPEG/Target -I../Core/Inc -I../Drivers/STM32F4xx_HAL_Driver/Inc -I../Drivers/STM32F4xx_HAL_Driver/Inc/Legacy -I../Middlewares/Third_Party/FatFs/src -I../Middlewares/Third_Party/LibJPEG/include -I../Drivers/CMSIS/Device/ST/STM32F4xx/Include -I../Drivers/CMSIS/Include -I"C:/Users/User/Projects/Rodog/RoDog/CubeIDE_ws/RoDog/USB_DEVICE" -I"C:/Users/User/Projects/Rodog/RoDog/CubeIDE_ws/RoDog/Middlewares/ST/STM32_USB_Device_Library" -I../USB_DEVICE/App -I../USB_DEVICE/Target -I../Middlewares/ST/STM32_USB_Device_Library/Core/Inc -I../Middlewares/ST/STM32_USB_Device_Library/Class/CDC/Inc -I/home/wissam/STM32CubeIDE/workspace_1.10.1/RoDog/Drivers/CMSIS -O0 -ffunction-sections -fdata-sections -Wall -fstack-usage -fcyclomatic-complexity -MMD -MP -MF"Middlewares/Third_Party/FatFs/src/option/syscall.d" -MT"Middlewares/Third_Party/FatFs/src/option/syscall.o" --specs=nano.specs -mfpu=fpv4-sp-d16 -mfloat-abi=hard -mthumb -o "Middlewares/Third_Party/FatFs/src/option/syscall.o"
arm-none-eabi-gcc "../Middlewares/Third_Party/FatFs/src/diskio.c" -mcpu=cortex-m4 -std=gnu11 -g3 -DDEBUG -DUSE_HAL_DRIVER -DSTM32F407xx -c -I../FATFS/Target -I"C:/Users/User/Projects/Rodog/RoDog/CubeIDE_ws/RoDog/CMSIS/CMSIS/Include" -I../FATFS/App -I../LIBJPEG/App -I../LIBJPEG/Target -I../Core/Inc -I../Drivers/STM32F4xx_HAL_Driver/Inc -I../Drivers/STM32F4xx_HAL_Driver/Inc/Legacy -I../Middlewares/Third_Party/FatFs/src -I../Middlewares/Third_Party/LibJPEG/include -I../Drivers/CMSIS/Device/ST/STM32F4xx/Include -I../Drivers/CMSIS/Include -I"C:/Users/User/Projects/Rodog/RoDog/CubeIDE_ws/RoDog/USB_DEVICE" -I"C:/Users/User/Projects/Rodog/RoDog/CubeIDE_ws/RoDog/Middlewares/ST/STM32_USB_Device_Library" -I../USB_DEVICE/App -I../USB_DEVICE/Target -I../Middlewares/ST/STM32_USB_Device_Library/Core/Inc -I../Middlewares/ST/STM32_USB_Device_Library/Class/CDC/Inc -I/home/wissam/STM32CubeIDE/workspace_1.10.1/RoDog/Drivers/CMSIS -O0 -ffunction-sections -fdata-sections -Wall -fstack-usage -fcyclomatic-complexity -MMD -MP -MF"Middlewares/Third_Party/FatFs/src/diskio.d" -MT"Middlewares/Third_Party/FatFs/src/diskio.o" --specs=nano.specs -mfpu=fpv4-sp-d16 -mfloat-abi=hard -mthumb -o "Middlewares/Third_Party/FatFs/src/diskio.o"
arm-none-eabi-gcc "../Middlewares/Third_Party/FatFs/src/ff.c" -mcpu=cortex-m4 -std=gnu11 -g3 -DDEBUG -DUSE_HAL_DRIVER -DSTM32F407xx -c -I../FATFS/Target -I"C:/Users/User/Projects/Rodog/RoDog/CubeIDE_ws/RoDog/CMSIS/CMSIS/Include" -I../FATFS/App -I../LIBJPEG/App -I../LIBJPEG/Target -I../Core/Inc -I../Drivers/STM32F4xx_HAL_Driver/Inc -I../Drivers/STM32F4xx_HAL_Driver/Inc/Legacy -I../Middlewares/Third_Party/FatFs/src -I../Middlewares/Third_Party/LibJPEG/include -I../Drivers/CMSIS/Device/ST/STM32F4xx/Include -I../Drivers/CMSIS/Include -I"C:/Users/User/Projects/Rodog/RoDog/CubeIDE_ws/RoDog/USB_DEVICE" -I"C:/Users/User/Projects/Rodog/RoDog/CubeIDE_ws/RoDog/Middlewares/ST/STM32_USB_Device_Library" -I../USB_DEVICE/App -I../USB_DEVICE/Target -I../Middlewares/ST/STM32_USB_Device_Library/Core/Inc -I../Middlewares/ST/STM32_USB_Device_Library/Class/CDC/Inc -I/home/wissam/STM32CubeIDE/workspace_1.10.1/RoDog/Drivers/CMSIS -O0 -ffunction-sections -fdata-sections -Wall -fstack-usage -fcyclomatic-complexity -MMD -MP -MF"Middlewares/Third_Party/FatFs/src/ff.d" -MT"Middlewares/Third_Party/FatFs/src/ff.o" --specs=nano.specs -mfpu=fpv4-sp-d16 -mfloat-abi=hard -mthumb -o "Middlewares/Third_Party/FatFs/src/ff.o"
arm-none-eabi-gcc "../Middlewares/Third_Party/FatFs/src/ff_gen_drv.c" -mcpu=cortex-m4 -std=gnu11 -g3 -DDEBUG -DUSE_HAL_DRIVER -DSTM32F407xx -c -I../FATFS/Target -I"C:/Users/User/Projects/Rodog/RoDog/CubeIDE_ws/RoDog/CMSIS/CMSIS/Include" -I../FATFS/App -I../LIBJPEG/App -I../LIBJPEG/Target -I../Core/Inc -I../Drivers/STM32F4xx_HAL_Driver/Inc -I../Drivers/STM32F4xx_HAL_Driver/Inc/Legacy -I../Middlewares/Third_Party/FatFs/src -I../Middlewares/Third_Party/LibJPEG/include -I../Drivers/CMSIS/Device/ST/STM32F4xx/Include -I../Drivers/CMSIS/Include -I"C:/Users/User/Projects/Rodog/RoDog/CubeIDE_ws/RoDog/USB_DEVICE" -I"C:/Users/User/Projects/Rodog/RoDog/CubeIDE_ws/RoDog/Middlewares/ST/STM32_USB_Device_Library" -I../USB_DEVICE/App -I../USB_DEVICE/Target -I../Middlewares/ST/STM32_USB_Device_Library/Core/Inc -I../Middlewares/ST/STM32_USB_Device_Library/Class/CDC/Inc -I/home/wissam/STM32CubeIDE/workspace_1.10.1/RoDog/Drivers/CMSIS -O0 -ffunction-sections -fdata-sections -Wall -fstack-usage -fcyclomatic-complexity -MMD -MP -MF"Middlewares/Third_Party/FatFs/src/ff_gen_drv.d" -MT"Middlewares/Third_Party/FatFs/src/ff_gen_drv.o" --specs=nano.specs -mfpu=fpv4-sp-d16 -mfloat-abi=hard -mthumb -o "Middlewares/Third_Party/FatFs/src/ff_gen_drv.o"
arm-none-eabi-gcc "../Middlewares/ST/STM32_USB_Device_Library/Core/Src/usbd_core.c" -mcpu=cortex-m4 -std=gnu11 -g3 -DDEBUG -DUSE_HAL_DRIVER -DSTM32F407xx -c -I../FATFS/Target -I"C:/Users/User/Projects/Rodog/RoDog/CubeIDE_ws/RoDog/CMSIS/CMSIS/Include" -I../FATFS/App -I../LIBJPEG/App -I../LIBJPEG/Target -I../Core/Inc -I../Drivers/STM32F4xx_HAL_Driver/Inc -I../Drivers/STM32F4xx_HAL_Driver/Inc/Legacy -I../Middlewares/Third_Party/FatFs/src -I../Middlewares/Third_Party/LibJPEG/include -I../Drivers/CMSIS/Device/ST/STM32F4xx/Include -I../Drivers/CMSIS/Include -I"C:/Users/User/Projects/Rodog/RoDog/CubeIDE_ws/RoDog/USB_DEVICE" -I"C:/Users/User/Projects/Rodog/RoDog/CubeIDE_ws/RoDog/Middlewares/ST/STM32_USB_Device_Library" -I../USB_DEVICE/App -I../USB_DEVICE/Target -I../Middlewares/ST/STM32_USB_Device_Library/Core/Inc -I../Middlewares/ST/STM32_USB_Device_Library/Class/CDC/Inc -I/home/wissam/STM32CubeIDE/workspace_1.10.1/RoDog/Drivers/CMSIS -O0 -ffunction-sections -fdata-sections -Wall -fstack-usage -fcyclomatic-complexity -MMD -MP -MF"Middlewares/ST/STM32_USB_Device_Library/Core/Src/usbd_core.d" -MT"Middlewares/ST/STM32_USB_Device_Library/Core/Src/usbd_core.o" --specs=nano.specs -mfpu=fpv4-sp-d16 -mfloat-abi=hard -mthumb -o "Middlewares/ST/STM32_USB_Device_Library/Core/Src/usbd_core.o"
arm-none-eabi-gcc "../Middlewares/ST/STM32_USB_Device_Library/Core/Src/usbd_ctlreq.c" -mcpu=cortex-m4 -std=gnu11 -g3 -DDEBUG -DUSE_HAL_DRIVER -DSTM32F407xx -c -I../FATFS/Target -I"C:/Users/User/Projects/Rodog/RoDog/CubeIDE_ws/RoDog/CMSIS/CMSIS/Include" -I../FATFS/App -I../LIBJPEG/App -I../LIBJPEG/Target -I../Core/Inc -I../Drivers/STM32F4xx_HAL_Driver/Inc -I../Drivers/STM32F4xx_HAL_Driver/Inc/Legacy -I../Middlewares/Third_Party/FatFs/src -I../Middlewares/Third_Party/LibJPEG/include -I../Drivers/CMSIS/Device/ST/STM32F4xx/Include -I../Drivers/CMSIS/Include -I"C:/Users/User/Projects/Rodog/RoDog/CubeIDE_ws/RoDog/USB_DEVICE" -I"C:/Users/User/Projects/Rodog/RoDog/CubeIDE_ws/RoDog/Middlewares/ST/STM32_USB_Device_Library" -I../USB_DEVICE/App -I../USB_DEVICE/Target -I../Middlewares/ST/STM32_USB_Device_Library/Core/Inc -I../Middlewares/ST/STM32_USB_Device_Library/Class/CDC/Inc -I/home/wissam/STM32CubeIDE/workspace_1.10.1/RoDog/Drivers/CMSIS -O0 -ffunction-sections -fdata-sections -Wall -fstack-usage -fcyclomatic-complexity -MMD -MP -MF"Middlewares/ST/STM32_USB_Device_Library/Core/Src/usbd_ctlreq.d" -MT"Middlewares/ST/STM32_USB_Device_Library/Core/Src/usbd_ctlreq.o" --specs=nano.specs -mfpu=fpv4-sp-d16 -mfloat-abi=hard -mthumb -o "Middlewares/ST/STM32_USB_Device_Library/Core/Src/usbd_ctlreq.o"
arm-none-eabi-gcc "../Middlewares/ST/STM32_USB_Device_Library/Core/Src/usbd_ioreq.c" -mcpu=cortex-m4 -std=gnu11 -g3 -DDEBUG -DUSE_HAL_DRIVER -DSTM32F407xx -c -I../FATFS/Target -I"C:/Users/User/Projects/Rodog/RoDog/CubeIDE_ws/RoDog/CMSIS/CMSIS/Include" -I../FATFS/App -I../LIBJPEG/App -I../LIBJPEG/Target -I../Core/Inc -I../Drivers/STM32F4xx_HAL_Driver/Inc -I../Drivers/STM32F4xx_HAL_Driver/Inc/Legacy -I../Middlewares/Third_Party/FatFs/src -I../Middlewares/Third_Party/LibJPEG/include -I../Drivers/CMSIS/Device/ST/STM32F4xx/Include -I../Drivers/CMSIS/Include -I"C:/Users/User/Projects/Rodog/RoDog/CubeIDE_ws/RoDog/USB_DEVICE" -I"C:/Users/User/Projects/Rodog/RoDog/CubeIDE_ws/RoDog/Middlewares/ST/STM32_USB_Device_Library" -I../USB_DEVICE/App -I../USB_DEVICE/Target -I../Middlewares/ST/STM32_USB_Device_Library/Core/Inc -I../Middlewares/ST/STM32_USB_Device_Library/Class/CDC/Inc -I/home/wissam/STM32CubeIDE/workspace_1.10.1/RoDog/Drivers/CMSIS -O0 -ffunction-sections -fdata-sections -Wall -fstack-usage -fcyclomatic-complexity -MMD -MP -MF"Middlewares/ST/STM32_USB_Device_Library/Core/Src/usbd_ioreq.d" -MT"Middlewares/ST/STM32_USB_Device_Library/Core/Src/usbd_ioreq.o" --specs=nano.specs -mfpu=fpv4-sp-d16 -mfloat-abi=hard -mthumb -o "Middlewares/ST/STM32_USB_Device_Library/Core/Src/usbd_ioreq.o"
arm-none-eabi-gcc "../Middlewares/ST/STM32_USB_Device_Library/Class/CDC/Src/usbd_cdc.c" -mcpu=cortex-m4 -std=gnu11 -g3 -DDEBUG -DUSE_HAL_DRIVER -DSTM32F407xx -c -I../FATFS/Target -I"C:/Users/User/Projects/Rodog/RoDog/CubeIDE_ws/RoDog/CMSIS/CMSIS/Include" -I../FATFS/App -I../LIBJPEG/App -I../LIBJPEG/Target -I../Core/Inc -I../Drivers/STM32F4xx_HAL_Driver/Inc -I../Drivers/STM32F4xx_HAL_Driver/Inc/Legacy -I../Middlewares/Third_Party/FatFs/src -I../Middlewares/Third_Party/LibJPEG/include -I../Drivers/CMSIS/Device/ST/STM32F4xx/Include -I../Drivers/CMSIS/Include -I"C:/Users/User/Projects/Rodog/RoDog/CubeIDE_ws/RoDog/USB_DEVICE" -I"C:/Users/User/Projects/Rodog/RoDog/CubeIDE_ws/RoDog/Middlewares/ST/STM32_USB_Device_Library" -I../USB_DEVICE/App -I../USB_DEVICE/Target -I../Middlewares/ST/STM32_USB_Device_Library/Core/Inc -I../Middlewares/ST/STM32_USB_Device_Library/Class/CDC/Inc -I/home/wissam/STM32CubeIDE/workspace_1.10.1/RoDog/Drivers/CMSIS -O0 -ffunction-sections -fdata-sections -Wall -fstack-usage -fcyclomatic-complexity -MMD -MP -MF"Middlewares/ST/STM32_USB_Device_Library/Class/CDC/Src/usbd_cdc.d" -MT"Middlewares/ST/STM32_USB_Device_Library/Class/CDC/Src/usbd_cdc.o" --specs=nano.specs -mfpu=fpv4-sp-d16 -mfloat-abi=hard -mthumb -o "Middlewares/ST/STM32_USB_Device_Library/Class/CDC/Src/usbd_cdc.o"
arm-none-eabi-gcc "../FATFS/Target/sd_diskio.c" -mcpu=cortex-m4 -std=gnu11 -g3 -DDEBUG -DUSE_HAL_DRIVER -DSTM32F407xx -c -I../FATFS/Target -I"C:/Users/User/Projects/Rodog/RoDog/CubeIDE_ws/RoDog/CMSIS/CMSIS/Include" -I../FATFS/App -I../LIBJPEG/App -I../LIBJPEG/Target -I../Core/Inc -I../Drivers/STM32F4xx_HAL_Driver/Inc -I../Drivers/STM32F4xx_HAL_Driver/Inc/Legacy -I../Middlewares/Third_Party/FatFs/src -I../Middlewares/Third_Party/LibJPEG/include -I../Drivers/CMSIS/Device/ST/STM32F4xx/Include -I../Drivers/CMSIS/Include -I"C:/Users/User/Projects/Rodog/RoDog/CubeIDE_ws/RoDog/USB_DEVICE" -I"C:/Users/User/Projects/Rodog/RoDog/CubeIDE_ws/RoDog/Middlewares/ST/STM32_USB_Device_Library" -I../USB_DEVICE/App -I../USB_DEVICE/Target -I../Middlewares/ST/STM32_USB_Device_Library/Core/Inc -I../Middlewares/ST/STM32_USB_Device_Library/Class/CDC/Inc -I/home/wissam/STM32CubeIDE/workspace_1.10.1/RoDog/Drivers/CMSIS -O0 -ffunction-sections -fdata-sections -Wall -fstack-usage -fcyclomatic-complexity -MMD -MP -MF"FATFS/Target/sd_diskio.d" -MT"FATFS/Target/sd_diskio.o" --specs=nano.specs -mfpu=fpv4-sp-d16 -mfloat-abi=hard -mthumb -o "FATFS/Target/sd_diskio.o"
arm-none-eabi-gcc "../FATFS/App/fatfs.c" -mcpu=cortex-m4 -std=gnu11 -g3 -DDEBUG -DUSE_HAL_DRIVER -DSTM32F407xx -c -I../FATFS/Target -I"C:/Users/User/Projects/Rodog/RoDog/CubeIDE_ws/RoDog/CMSIS/CMSIS/Include" -I../FATFS/App -I../LIBJPEG/App -I../LIBJPEG/Target -I../Core/Inc -I../Drivers/STM32F4xx_HAL_Driver/Inc -I../Drivers/STM32F4xx_HAL_Driver/Inc/Legacy -I../Middlewares/Third_Party/FatFs/src -I../Middlewares/Third_Party/LibJPEG/include -I../Drivers/CMSIS/Device/ST/STM32F4xx/Include -I../Drivers/CMSIS/Include -I"C:/Users/User/Projects/Rodog/RoDog/CubeIDE_ws/RoDog/USB_DEVICE" -I"C:/Users/User/Projects/Rodog/RoDog/CubeIDE_ws/RoDog/Middlewares/ST/STM32_USB_Device_Library" -I../USB_DEVICE/App -I../USB_DEVICE/Target -I../Middlewares/ST/STM32_USB_Device_Library/Core/Inc -I../Middlewares/ST/STM32_USB_Device_Library/Class/CDC/Inc -I/home/wissam/STM32CubeIDE/workspace_1.10.1/RoDog/Drivers/CMSIS -O0 -ffunction-sections -fdata-sections -Wall -fstack-usage -fcyclomatic-complexity -MMD -MP -MF"FATFS/App/fatfs.d" -MT"FATFS/App/fatfs.o" --specs=nano.specs -mfpu=fpv4-sp-d16 -mfloat-abi=hard -mthumb -o "FATFS/App/fatfs.o"
arm-none-eabi-gcc "../Core/Src/CurveGen.c" -mcpu=cortex-m4 -std=gnu11 -g3 -DDEBUG -DUSE_HAL_DRIVER -DSTM32F407xx -c -I../FATFS/Target -I"C:/Users/User/Projects/Rodog/RoDog/CubeIDE_ws/RoDog/CMSIS/CMSIS/Include" -I../FATFS/App -I../LIBJPEG/App -I../LIBJPEG/Target -I../Core/Inc -I../Drivers/STM32F4xx_HAL_Driver/Inc -I../Drivers/STM32F4xx_HAL_Driver/Inc/Legacy -I../Middlewares/Third_Party/FatFs/src -I../Middlewares/Third_Party/LibJPEG/include -I../Drivers/CMSIS/Device/ST/STM32F4xx/Include -I../Drivers/CMSIS/Include -I"C:/Users/User/Projects/Rodog/RoDog/CubeIDE_ws/RoDog/USB_DEVICE" -I"C:/Users/User/Projects/Rodog/RoDog/CubeIDE_ws/RoDog/Middlewares/ST/STM32_USB_Device_Library" -I../USB_DEVICE/App -I../USB_DEVICE/Target -I../Middlewares/ST/STM32_USB_Device_Library/Core/Inc -I../Middlewares/ST/STM32_USB_Device_Library/Class/CDC/Inc -I/home/wissam/STM32CubeIDE/workspace_1.10.1/RoDog/Drivers/CMSIS -O0 -ffunction-sections -fdata-sections -Wall -fstack-usage -fcyclomatic-complexity -MMD -MP -MF"Core/Src/CurveGen.d" -MT"Core/Src/CurveGen.o" --specs=nano.specs -mfpu=fpv4-sp-d16 -mfloat-abi=hard -mthumb -o "Core/Src/CurveGen.o"
arm-none-eabi-gcc "../Core/Src/HMC5883L.c" -mcpu=cortex-m4 -std=gnu11 -g3 -DDEBUG -DUSE_HAL_DRIVER -DSTM32F407xx -c -I../FATFS/Target -I"C:/Users/User/Projects/Rodog/RoDog/CubeIDE_ws/RoDog/CMSIS/CMSIS/Include" -I../FATFS/App -I../LIBJPEG/App -I../LIBJPEG/Target -I../Core/Inc -I../Drivers/STM32F4xx_HAL_Driver/Inc -I../Drivers/STM32F4xx_HAL_Driver/Inc/Legacy -I../Middlewares/Third_Party/FatFs/src -I../Middlewares/Third_Party/LibJPEG/include -I../Drivers/CMSIS/Device/ST/STM32F4xx/Include -I../Drivers/CMSIS/Include -I"C:/Users/User/Projects/Rodog/RoDog/CubeIDE_ws/RoDog/USB_DEVICE" -I"C:/Users/User/Projects/Rodog/RoDog/CubeIDE_ws/RoDog/Middlewares/ST/STM32_USB_Device_Library" -I../USB_DEVICE/App -I../USB_DEVICE/Target -I../Middlewares/ST/STM32_USB_Device_Library/Core/Inc -I../Middlewares/ST/STM32_USB_Device_Library/Class/CDC/Inc -I/home/wissam/STM32CubeIDE/workspace_1.10.1/RoDog/Drivers/CMSIS -O0 -ffunction-sections -fdata-sections -Wall -fstack-usage -fcyclomatic-complexity -MMD -MP -MF"Core/Src/HMC5883L.d" -MT"Core/Src/HMC5883L.o" --specs=nano.specs -mfpu=fpv4-sp-d16 -mfloat-abi=hard -mthumb -o "Core/Src/HMC5883L.o"
arm-none-eabi-gcc "../Core/Src/Madwick_AHRS.c" -mcpu=cortex-m4 -std=gnu11 -g3 -DDEBUG -DUSE_HAL_DRIVER -DSTM32F407xx -c -I../FATFS/Target -I"C:/Users/User/Projects/Rodog/RoDog/CubeIDE_ws/RoDog/CMSIS/CMSIS/Include" -I../FATFS/App -I../LIBJPEG/App -I../LIBJPEG/Target -I../Core/Inc -I../Drivers/STM32F4xx_HAL_Driver/Inc -I../Drivers/STM32F4xx_HAL_Driver/Inc/Legacy -I../Middlewares/Third_Party/FatFs/src -I../Middlewares/Third_Party/LibJPEG/include -I../Drivers/CMSIS/Device/ST/STM32F4xx/Include -I../Drivers/CMSIS/Include -I"C:/Users/User/Projects/Rodog/RoDog/CubeIDE_ws/RoDog/USB_DEVICE" -I"C:/Users/User/Projects/Rodog/RoDog/CubeIDE_ws/RoDog/Middlewares/ST/STM32_USB_Device_Library" -I../USB_DEVICE/App -I../USB_DEVICE/Target -I../Middlewares/ST/STM32_USB_Device_Library/Core/Inc -I../Middlewares/ST/STM32_USB_Device_Library/Class/CDC/Inc -I/home/wissam/STM32CubeIDE/workspace_1.10.1/RoDog/Drivers/CMSIS -O0 -ffunction-sections -fdata-sections -Wall -fstack-usage -fcyclomatic-complexity -MMD -MP -MF"Core/Src/Madwick_AHRS.d" -MT"Core/Src/Madwick_AHRS.o" --specs=nano.specs -mfpu=fpv4-sp-d16 -mfloat-abi=hard -mthumb -o "Core/Src/Madwick_AHRS.o"
arm-none-eabi-gcc "../Core/Src/MahonyAHRS.c" -mcpu=cortex-m4 -std=gnu11 -g3 -DDEBUG -DUSE_HAL_DRIVER -DSTM32F407xx -c -I../FATFS/Target -I"C:/Users/User/Projects/Rodog/RoDog/CubeIDE_ws/RoDog/CMSIS/CMSIS/Include" -I../FATFS/App -I../LIBJPEG/App -I../LIBJPEG/Target -I../Core/Inc -I../Drivers/STM32F4xx_HAL_Driver/Inc -I../Drivers/STM32F4xx_HAL_Driver/Inc/Legacy -I../Middlewares/Third_Party/FatFs/src -I../Middlewares/Third_Party/LibJPEG/include -I../Drivers/CMSIS/Device/ST/STM32F4xx/Include -I../Drivers/CMSIS/Include -I"C:/Users/User/Projects/Rodog/RoDog/CubeIDE_ws/RoDog/USB_DEVICE" -I"C:/Users/User/Projects/Rodog/RoDog/CubeIDE_ws/RoDog/Middlewares/ST/STM32_USB_Device_Library" -I../USB_DEVICE/App -I../USB_DEVICE/Target -I../Middlewares/ST/STM32_USB_Device_Library/Core/Inc -I../Middlewares/ST/STM32_USB_Device_Library/Class/CDC/Inc -I/home/wissam/STM32CubeIDE/workspace_1.10.1/RoDog/Drivers/CMSIS -O0 -ffunction-sections -fdata-sections -Wall -fstack-usage -fcyclomatic-complexity -MMD -MP -MF"Core/Src/MahonyAHRS.d" -MT"Core/Src/MahonyAHRS.o" --specs=nano.specs -mfpu=fpv4-sp-d16 -mfloat-abi=hard -mthumb -o "Core/Src/MahonyAHRS.o"
arm-none-eabi-gcc "../Core/Src/kinematics.c" -mcpu=cortex-m4 -std=gnu11 -g3 -DDEBUG -DUSE_HAL_DRIVER -DSTM32F407xx -c -I../FATFS/Target -I"C:/Users/User/Projects/Rodog/RoDog/CubeIDE_ws/RoDog/CMSIS/CMSIS/Include" -I../FATFS/App -I../LIBJPEG/App -I../LIBJPEG/Target -I../Core/Inc -I../Drivers/STM32F4xx_HAL_Driver/Inc -I../Drivers/STM32F4xx_HAL_Driver/Inc/Legacy -I../Middlewares/Third_Party/FatFs/src -I../Middlewares/Third_Party/LibJPEG/include -I../Drivers/CMSIS/Device/ST/STM32F4xx/Include -I../Drivers/CMSIS/Include -I"C:/Users/User/Projects/Rodog/RoDog/CubeIDE_ws/RoDog/USB_DEVICE" -I"C:/Users/User/Projects/Rodog/RoDog/CubeIDE_ws/RoDog/Middlewares/ST/STM32_USB_Device_Library" -I../USB_DEVICE/App -I../USB_DEVICE/Target -I../Middlewares/ST/STM32_USB_Device_Library/Core/Inc -I../Middlewares/ST/STM32_USB_Device_Library/Class/CDC/Inc -I/home/wissam/STM32CubeIDE/workspace_1.10.1/RoDog/Drivers/CMSIS -O0 -ffunction-sections -fdata-sections -Wall -fstack-usage -fcyclomatic-complexity -MMD -MP -MF"Core/Src/kinematics.d" -MT"Core/Src/kinematics.o" --specs=nano.specs -mfpu=fpv4-sp-d16 -mfloat-abi=hard -mthumb -o "Core/Src/kinematics.o"
arm-none-eabi-gcc "../Core/Src/main.c" -mcpu=cortex-m4 -std=gnu11 -g3 -DDEBUG -DUSE_HAL_DRIVER -DSTM32F407xx -c -I../FATFS/Target -I"C:/Users/User/Projects/Rodog/RoDog/CubeIDE_ws/RoDog/CMSIS/CMSIS/Include" -I../FATFS/App -I../LIBJPEG/App -I../LIBJPEG/Target -I../Core/Inc -I../Drivers/STM32F4xx_HAL_Driver/Inc -I../Drivers/STM32F4xx_HAL_Driver/Inc/Legacy -I../Middlewares/Third_Party/FatFs/src -I../Middlewares/Third_Party/LibJPEG/include -I../Drivers/CMSIS/Device/ST/STM32F4xx/Include -I../Drivers/CMSIS/Include -I"C:/Users/User/Projects/Rodog/RoDog/CubeIDE_ws/RoDog/USB_DEVICE" -I"C:/Users/User/Projects/Rodog/RoDog/CubeIDE_ws/RoDog/Middlewares/ST/STM32_USB_Device_Library" -I../USB_DEVICE/App -I../USB_DEVICE/Target -I../Middlewares/ST/STM32_USB_Device_Library/Core/Inc -I../Middlewares/ST/STM32_USB_Device_Library/Class/CDC/Inc -I/home/wissam/STM32CubeIDE/workspace_1.10.1/RoDog/Drivers/CMSIS -O0 -ffunction-sections -fdata-sections -Wall -fstack-usage -fcyclomatic-complexity -MMD -MP -MF"Core/Src/main.d" -MT"Core/Src/main.o" --specs=nano.specs -mfpu=fpv4-sp-d16 -mfloat-abi=hard -mthumb -o "Core/Src/main.o"
arm-none-eabi-gcc "../Core/Src/ov2640.c" -mcpu=cortex-m4 -std=gnu11 -g3 -DDEBUG -DUSE_HAL_DRIVER -DSTM32F407xx -c -I../FATFS/Target -I"C:/Users/User/Projects/Rodog/RoDog/CubeIDE_ws/RoDog/CMSIS/CMSIS/Include" -I../FATFS/App -I../LIBJPEG/App -I../LIBJPEG/Target -I../Core/Inc -I../Drivers/STM32F4xx_HAL_Driver/Inc -I../Drivers/STM32F4xx_HAL_Driver/Inc/Legacy -I../Middlewares/Third_Party/FatFs/src -I../Middlewares/Third_Party/LibJPEG/include -I../Drivers/CMSIS/Device/ST/STM32F4xx/Include -I../Drivers/CMSIS/Include -I"C:/Users/User/Projects/Rodog/RoDog/CubeIDE_ws/RoDog/USB_DEVICE" -I"C:/Users/User/Projects/Rodog/RoDog/CubeIDE_ws/RoDog/Middlewares/ST/STM32_USB_Device_Library" -I../USB_DEVICE/App -I../USB_DEVICE/Target -I../Middlewares/ST/STM32_USB_Device_Library/Core/Inc -I../Middlewares/ST/STM32_USB_Device_Library/Class/CDC/Inc -I/home/wissam/STM32CubeIDE/workspace_1.10.1/RoDog/Drivers/CMSIS -O0 -ffunction-sections -fdata-sections -Wall -fstack-usage -fcyclomatic-complexity -MMD -MP -MF"Core/Src/ov2640.d" -MT"Core/Src/ov2640.o" --specs=nano.specs -mfpu=fpv4-sp-d16 -mfloat-abi=hard -mthumb -o "Core/Src/ov2640.o"
arm-none-eabi-gcc "../Core/Src/stm32f4xx_hal_msp.c" -mcpu=cortex-m4 -std=gnu11 -g3 -DDEBUG -DUSE_HAL_DRIVER -DSTM32F407xx -c -I../FATFS/Target -I"C:/Users/User/Projects/Rodog/RoDog/CubeIDE_ws/RoDog/CMSIS/CMSIS/Include" -I../FATFS/App -I../LIBJPEG/App -I../LIBJPEG/Target -I../Core/Inc -I../Drivers/STM32F4xx_HAL_Driver/Inc -I../Drivers/STM32F4xx_HAL_Driver/Inc/Legacy -I../Middlewares/Third_Party/FatFs/src -I../Middlewares/Third_Party/LibJPEG/include -I../Drivers/CMSIS/Device/ST/STM32F4xx/Include -I../Drivers/CMSIS/Include -I"C:/Users/User/Projects/Rodog/RoDog/CubeIDE_ws/RoDog/USB_DEVICE" -I"C:/Users/User/Projects/Rodog/RoDog/CubeIDE_ws/RoDog/Middlewares/ST/STM32_USB_Device_Library" -I../USB_DEVICE/App -I../USB_DEVICE/Target -I../Middlewares/ST/STM32_USB_Device_Library/Core/Inc -I../Middlewares/ST/STM32_USB_Device_Library/Class/CDC/Inc -I/home/wissam/STM32CubeIDE/workspace_1.10.1/RoDog/Drivers/CMSIS -O0 -ffunction-sections -fdata-sections -Wall -fstack-usage -fcyclomatic-complexity -MMD -MP -MF"Core/Src/stm32f4xx_hal_msp.d" -MT"Core/Src/stm32f4xx_hal_msp.o" --specs=nano.specs -mfpu=fpv4-sp-d16 -mfloat-abi=hard -mthumb -o "Core/Src/stm32f4xx_hal_msp.o"
arm-none-eabi-gcc "../Core/Src/stm32f4xx_it.c" -mcpu=cortex-m4 -std=gnu11 -g3 -DDEBUG -DUSE_HAL_DRIVER -DSTM32F407xx -c -I../FATFS/Target -I"C:/Users/User/Projects/Rodog/RoDog/CubeIDE_ws/RoDog/CMSIS/CMSIS/Include" -I../FATFS/App -I../LIBJPEG/App -I../LIBJPEG/Target -I../Core/Inc -I../Drivers/STM32F4xx_HAL_Driver/Inc -I../Drivers/STM32F4xx_HAL_Driver/Inc/Legacy -I../Middlewares/Third_Party/FatFs/src -I../Middlewares/Third_Party/LibJPEG/include -I../Drivers/CMSIS/Device/ST/STM32F4xx/Include -I../Drivers/CMSIS/Include -I"C:/Users/User/Projects/Rodog/RoDog/CubeIDE_ws/RoDog/USB_DEVICE" -I"C:/Users/User/Projects/Rodog/RoDog/CubeIDE_ws/RoDog/Middlewares/ST/STM32_USB_Device_Library" -I../USB_DEVICE/App -I../USB_DEVICE/Target -I../Middlewares/ST/STM32_USB_Device_Library/Core/Inc -I../Middlewares/ST/STM32_USB_Device_Library/Class/CDC/Inc -I/home/wissam/STM32CubeIDE/workspace_1.10.1/RoDog/Drivers/CMSIS -O0 -ffunction-sections -fdata-sections -Wall -fstack-usage -fcyclomatic-complexity -MMD -MP -MF"Core/Src/stm32f4xx_it.d" -MT"Core/Src/stm32f4xx_it.o" --specs=nano.specs -mfpu=fpv4-sp-d16 -mfloat-abi=hard -mthumb -o "Core/Src/stm32f4xx_it.o"
arm-none-eabi-gcc -o "RoDog.elf" @"objects.list"  -larm_cortexM4lf_math -mcpu=cortex-m4 -T"C:\Users\User\Projects\Rodog\RoDog\CubeIDE_ws\RoDog\STM32F407VETX_FLASH.ld" --specs=nosys.specs -Wl,-Map="RoDog.map" -Wl,--gc-sections -static -L"C:\Users\User\Projects\Rodog\RoDog\CubeIDE_ws\RoDog\libs" -u _printf_float --specs=nano.specs -mfpu=fpv4-sp-d16 -mfloat-abi=hard -mthumb -Wl,--start-group -lc -lm -Wl,--end-group
C:/ST/STM32CubeIDE_1.19.0/STM32CubeIDE/plugins/com.st.stm32cube.ide.mcu.externaltools.gnu-tools-for-stm32.13.3.rel1.win32_1.0.0.202411081344/tools/bin/../lib/gcc/arm-none-eabi/13.3.1/../../../../arm-none-eabi/bin/ld.exe: warning: RoDog.elf has a LOAD segment with RWX permissions
Finished building target: RoDog.elf
 
arm-none-eabi-size  RoDog.elf 
arm-none-eabi-objdump -h -S RoDog.elf  > "RoDog.list"
   text	   data	    bss	    dec	    hex	filename
 121752	    960	  15040	 137752	  21a18	RoDog.elf
Finished building: default.size.stdout
 
Finished building: RoDog.list
 

18:11:58 Build Finished. 0 errors, 1 warnings. (took 1s.823ms)

