../Core/Src/main.c:1477:9:platform_write	24	static
../Core/Src/main.c:1482:9:platform_read	24	static
../Core/Src/main.c:1388:5:SetMux	8	static
../Core/Src/main.c:1401:6:UltraSound_Trig	8	static
../Core/Src/main.c:1451:6:EN_motors	0	static
../Core/Src/main.c:1458:6:DIS_motors	0	static
../Core/Src/main.c:1465:10:rad_to_ccr	8	static
../Core/Src/main.c:1470:6:delay_us	0	static
../Core/Src/main.c:1487:11:adc_to_rad	0	static
../Core/Src/main.c:1502:6:ReadServos	8	static
../Core/Src/main.c:1509:6:Joints_init	36	static
../Core/Src/main.c:1687:6:LSM_init	16	static
../Core/Src/main.c:1747:6:Rodog_init	0	static
../Core/Src/main.c:1766:6:WriteJoint	0	static
../Core/Src/main.c:1495:6:PublishServos	32	static
../Core/Src/main.c:1788:10:percentile_to_CCR	0	static
../Core/Src/main.c:1784:6:Servos_SetSpeed	8	static
../Core/Src/main.c:1940:11:xl_to_rad	0	static
../Core/Src/main.c:1945:11:gyro_to_radps	8	static
../Core/Src/main.c:1951:6:get_xl	56	static
../Core/Src/main.c:1973:6:get_gyro	40	static
../Core/Src/main.c:2010:6:PID_body	40	static
../Core/Src/main.c:2034:6:demo_static	48	static
../Core/Src/main.c:2063:6:Home	64	static
../Core/Src/main.c:2080:10:max_int32	0	static
../Core/Src/main.c:2085:10:min_int32	0	static
../Core/Src/main.c:2090:11:min_float32	0	static
../Core/Src/main.c:2095:11:max_float32	0	static
../Core/Src/main.c:2102:6:IncTick	0	static
../Core/Src/main.c:2108:9:wait_for_gpio_state_timeout	32	static,ignoring_inline_asm
../Core/Src/main.c:2127:9:I2C1_ClearBusyFlagErratum	56	static,ignoring_inline_asm
../Core/Src/main.c:2254:6:swap_ui16	8	static
../Core/Src/main.c:2260:5:partition_ui16	16	static
../Core/Src/main.c:2275:5:quickSelect_ui16	24	static
../Core/Src/main.c:2291:10:computeMedian_ui16	8	static
../Core/Src/main.c:2302:6:swap_f32	0	static
../Core/Src/main.c:2308:5:partition_f32	24	static
../Core/Src/main.c:2322:7:quickSelect_f32	24	static
../Core/Src/main.c:2338:11:computeMedian_f32	0	static
../Core/Src/main.c:1989:6:combine_imu	16	static
../Core/Src/main.c:1412:6:HAL_TIM_PeriodElapsedCallback	8	static
../Core/Src/main.c:2350:6:HAL_ADC_ConvCpltCallback	56	static
../Core/Src/main.c:2390:6:DIS_DMA_IT	8	static
../Core/Src/main.c:2396:6:EN_DMA_IT	8	static
../Core/Src/main.c:1793:6:CalibrateJoints	73896	static
../Core/Src/main.c:2407:6:Error_Handler	8	static,ignoring_inline_asm
../Core/Src/main.c:396:6:SystemClock_Config	88	static
../Core/Src/main.c:237:5:main	376	static
