../Core/Src/stm32f4xx_it.c:75:6:NMI_Handler	0	static
../Core/Src/stm32f4xx_it.c:90:6:HardFault_Handler	8	static
../Core/Src/stm32f4xx_it.c:106:6:MemManage_Handler	0	static
../Core/Src/stm32f4xx_it.c:121:6:BusFault_Handler	0	static
../Core/Src/stm32f4xx_it.c:136:6:UsageFault_Handler	0	static
../Core/Src/stm32f4xx_it.c:151:6:SVC_Handler	0	static
../Core/Src/stm32f4xx_it.c:164:6:DebugMon_Handler	0	static
../Core/Src/stm32f4xx_it.c:177:6:PendSV_Handler	0	static
../Core/Src/stm32f4xx_it.c:190:6:SysTick_Handler	0	static
../Core/Src/stm32f4xx_it.c:211:6:EXTI4_IRQHandler	8	static
../Core/Src/stm32f4xx_it.c:236:6:EXTI9_5_IRQHandler	8	static
../Core/Src/stm32f4xx_it.c:254:6:TIM1_TRG_COM_TIM11_IRQHandler	8	static
../Core/Src/stm32f4xx_it.c:269:6:EXTI15_10_IRQHandler	8	static
../Core/Src/stm32f4xx_it.c:287:6:TIM7_IRQHandler	0	static
../Core/Src/stm32f4xx_it.c:301:6:DMA2_Stream0_IRQHandler	0	static
../Core/Src/stm32f4xx_it.c:315:6:DMA2_Stream1_IRQHandler	0	static
../Core/Src/stm32f4xx_it.c:329:6:DMA2_Stream2_IRQHandler	0	static
